Component: ARM Compiler 5.06 update 5 (build 528) Tool: armlink [4d35e2]

==============================================================================

Section Cross References

    usbd_cdc.o(i.USBD_CDC_DataOut) refers to usbd_conf.o(i.USBD_LL_GetRxDataSize) for USBD_LL_GetRxDataSize
    usbd_cdc.o(i.USBD_CDC_DeInit) refers to usbd_conf.o(i.USBD_LL_CloseEP) for USBD_LL_CloseEP
    usbd_cdc.o(i.USBD_CDC_DeInit) refers to malloc.o(i.free) for free
    usbd_cdc.o(i.USBD_CDC_GetDeviceQualifierDescriptor) refers to usbd_cdc.o(.data) for .data
    usbd_cdc.o(i.USBD_CDC_GetFSCfgDesc) refers to usbd_cdc.o(.data) for .data
    usbd_cdc.o(i.USBD_CDC_GetHSCfgDesc) refers to usbd_cdc.o(.data) for .data
    usbd_cdc.o(i.USBD_CDC_GetOtherSpeedCfgDesc) refers to usbd_cdc.o(.data) for .data
    usbd_cdc.o(i.USBD_CDC_Init) refers to usbd_conf.o(i.USBD_LL_OpenEP) for USBD_LL_OpenEP
    usbd_cdc.o(i.USBD_CDC_Init) refers to malloc.o(i.malloc) for malloc
    usbd_cdc.o(i.USBD_CDC_Init) refers to usbd_conf.o(i.USBD_LL_PrepareReceive) for USBD_LL_PrepareReceive
    usbd_cdc.o(i.USBD_CDC_ReceivePacket) refers to usbd_conf.o(i.USBD_LL_PrepareReceive) for USBD_LL_PrepareReceive
    usbd_cdc.o(i.USBD_CDC_Setup) refers to usbd_ioreq.o(i.USBD_CtlSendData) for USBD_CtlSendData
    usbd_cdc.o(i.USBD_CDC_Setup) refers to usbd_ioreq.o(i.USBD_CtlPrepareRx) for USBD_CtlPrepareRx
    usbd_cdc.o(i.USBD_CDC_Setup) refers to usbd_cdc.o(.data) for .data
    usbd_cdc.o(i.USBD_CDC_TransmitPacket) refers to usbd_conf.o(i.USBD_LL_Transmit) for USBD_LL_Transmit
    usbd_cdc.o(.data) refers to usbd_cdc.o(i.USBD_CDC_Init) for USBD_CDC_Init
    usbd_cdc.o(.data) refers to usbd_cdc.o(i.USBD_CDC_DeInit) for USBD_CDC_DeInit
    usbd_cdc.o(.data) refers to usbd_cdc.o(i.USBD_CDC_Setup) for USBD_CDC_Setup
    usbd_cdc.o(.data) refers to usbd_cdc.o(i.USBD_CDC_EP0_RxReady) for USBD_CDC_EP0_RxReady
    usbd_cdc.o(.data) refers to usbd_cdc.o(i.USBD_CDC_DataIn) for USBD_CDC_DataIn
    usbd_cdc.o(.data) refers to usbd_cdc.o(i.USBD_CDC_DataOut) for USBD_CDC_DataOut
    usbd_cdc.o(.data) refers to usbd_cdc.o(i.USBD_CDC_GetHSCfgDesc) for USBD_CDC_GetHSCfgDesc
    usbd_cdc.o(.data) refers to usbd_cdc.o(i.USBD_CDC_GetFSCfgDesc) for USBD_CDC_GetFSCfgDesc
    usbd_cdc.o(.data) refers to usbd_cdc.o(i.USBD_CDC_GetOtherSpeedCfgDesc) for USBD_CDC_GetOtherSpeedCfgDesc
    usbd_cdc.o(.data) refers to usbd_cdc.o(i.USBD_CDC_GetDeviceQualifierDescriptor) for USBD_CDC_GetDeviceQualifierDescriptor
    usbd_ioreq.o(i.USBD_CtlContinueRx) refers to usbd_conf.o(i.USBD_LL_PrepareReceive) for USBD_LL_PrepareReceive
    usbd_ioreq.o(i.USBD_CtlContinueSendData) refers to usbd_conf.o(i.USBD_LL_Transmit) for USBD_LL_Transmit
    usbd_ioreq.o(i.USBD_CtlPrepareRx) refers to usbd_conf.o(i.USBD_LL_PrepareReceive) for USBD_LL_PrepareReceive
    usbd_ioreq.o(i.USBD_CtlReceiveStatus) refers to usbd_conf.o(i.USBD_LL_PrepareReceive) for USBD_LL_PrepareReceive
    usbd_ioreq.o(i.USBD_CtlSendData) refers to usbd_conf.o(i.USBD_LL_Transmit) for USBD_LL_Transmit
    usbd_ioreq.o(i.USBD_CtlSendStatus) refers to usbd_conf.o(i.USBD_LL_Transmit) for USBD_LL_Transmit
    usbd_ioreq.o(i.USBD_GetRxCount) refers to usbd_conf.o(i.USBD_LL_GetRxDataSize) for USBD_LL_GetRxDataSize
    usbd_core.o(i.USBD_DeInit) refers to usbd_conf.o(i.USBD_LL_Stop) for USBD_LL_Stop
    usbd_core.o(i.USBD_DeInit) refers to usbd_conf.o(i.USBD_LL_DeInit) for USBD_LL_DeInit
    usbd_core.o(i.USBD_Init) refers to usbd_conf.o(i.USBD_LL_Init) for USBD_LL_Init
    usbd_core.o(i.USBD_LL_DataInStage) refers to usbd_ioreq.o(i.USBD_CtlContinueSendData) for USBD_CtlContinueSendData
    usbd_core.o(i.USBD_LL_DataInStage) refers to usbd_conf.o(i.USBD_LL_PrepareReceive) for USBD_LL_PrepareReceive
    usbd_core.o(i.USBD_LL_DataInStage) refers to usbd_ioreq.o(i.USBD_CtlReceiveStatus) for USBD_CtlReceiveStatus
    usbd_core.o(i.USBD_LL_DataOutStage) refers to usbd_ioreq.o(i.USBD_CtlContinueRx) for USBD_CtlContinueRx
    usbd_core.o(i.USBD_LL_DataOutStage) refers to usbd_ioreq.o(i.USBD_CtlSendStatus) for USBD_CtlSendStatus
    usbd_core.o(i.USBD_LL_Reset) refers to usbd_conf.o(i.USBD_LL_OpenEP) for USBD_LL_OpenEP
    usbd_core.o(i.USBD_LL_SetupStage) refers to usbd_ctlreq.o(i.USBD_ParseSetupRequest) for USBD_ParseSetupRequest
    usbd_core.o(i.USBD_LL_SetupStage) refers to usbd_conf.o(i.USBD_LL_StallEP) for USBD_LL_StallEP
    usbd_core.o(i.USBD_LL_SetupStage) refers to usbd_ctlreq.o(i.USBD_StdDevReq) for USBD_StdDevReq
    usbd_core.o(i.USBD_LL_SetupStage) refers to usbd_ctlreq.o(i.USBD_StdItfReq) for USBD_StdItfReq
    usbd_core.o(i.USBD_LL_SetupStage) refers to usbd_ctlreq.o(i.USBD_StdEPReq) for USBD_StdEPReq
    usbd_core.o(i.USBD_Start) refers to usbd_conf.o(i.USBD_LL_Start) for USBD_LL_Start
    usbd_core.o(i.USBD_Stop) refers to usbd_conf.o(i.USBD_LL_Stop) for USBD_LL_Stop
    usbd_ctlreq.o(i.USBD_CtlError) refers to usbd_conf.o(i.USBD_LL_StallEP) for USBD_LL_StallEP
[...]
    __scatterload_copy                       0x08008f21   Thumb Code    14  handlers.o(i.__scatterload_copy)
    __scatterload_null                       0x08008f2f   Thumb Code     2  handlers.o(i.__scatterload_null)
    __scatterload_zeroinit                   0x08008f31   Thumb Code    14  handlers.o(i.__scatterload_zeroinit)
    _is_digit                                0x08009189   Thumb Code    14  scanf_fp.o(i._is_digit)
    addEncoderAButtonCallback                0x080098e9   Thumb Code    28  peripherals_input.o(i.addEncoderAButtonCallback)
    addEncoderATurnedCallback                0x0800990d   Thumb Code    26  peripherals_input.o(i.addEncoderATurnedCallback)
    addEncoderBButtonCallback                0x08009931   Thumb Code    28  peripherals_input.o(i.addEncoderBButtonCallback)
    addEncoderBTurnedCallback                0x08009955   Thumb Code    28  peripherals_input.o(i.addEncoderBTurnedCallback)
    addFuseButtonCallback                    0x08009979   Thumb Code    30  peripherals_input.o(i.addFuseButtonCallback)
    addOutputButtonCallback                  0x080099a1   Thumb Code    30  peripherals_input.o(i.addOutputButtonCallback)
    delayUs                                  0x080099c9   Thumb Code    70  peripherals_time.o(i.delayUs)
    fputc                                    0x08009a21   Thumb Code    18  fputc.o(i.fputc)
    free                                     0x08009a35   Thumb Code    76  malloc.o(i.free)
    getADCValue                              0x08009a85   Thumb Code    80  peripherals_adc.o(i.getADCValue)
    handleEncoderCallbacks                   0x08009ae5   Thumb Code    94  peripherals_input.o(i.handleEncoderCallbacks)
    initADC                                  0x08009b4d   Thumb Code     8  peripherals_adc.o(i.initADC)
    initCallbacks                            0x08009b59   Thumb Code    84  peripherals_input.o(i.initCallbacks)
    initDAC                                  0x08009bbd   Thumb Code    58  peripherals_dac.o(i.initDAC)
    initDisplay                              0x08009c01   Thumb Code   196  peripherals_display.o(i.initDisplay)
    initEncoder                              0x08009cd5   Thumb Code    50  peripherals_encoder.o(i.initEncoder)
    initUsDelay                              0x08009d0d   Thumb Code    48  peripherals_time.o(i.initUsDelay)
    main                                     0x08009d45   Thumb Code   328  main.o(i.main)
    malloc                                   0x08009ee1   Thumb Code    92  malloc.o(i.malloc)
    sendBuffer                               0x08009f4d   Thumb Code   272  peripherals_display.o(i.sendBuffer)
    sendCommand                              0x0800a069   Thumb Code   334  peripherals_display.o(i.sendCommand)
    setBrightness                            0x0800a1c9   Thumb Code    82  peripherals_i2c.o(i.setBrightness)
    setContrast                              0x0800a241   Thumb Code    94  peripherals_i2c.o(i.setContrast)
    setDACValue                              0x0800a2c5   Thumb Code    48  peripherals_dac.o(i.setDACValue)
    __rw::__string_ref<char, std::char_traits<char>, std::allocator<char>>::_C_inc_ref() 0x0800a301   Thumb Code    14  char.o(t._ZN4__rw12__string_refIcSt11char_traitsIcESaIcEE10_C_inc_refEv)
    __rw::__rw_facet_maker<std::ctype<char>>::_C_maker_func(int, const char*, unsigned) 0x0800a315   Thumb Code    70  rwstdexcept.o(t._ZN4__rw16__rw_facet_makerISt5ctypeIcEE13_C_maker_funcEiPKcj)
    __rw::__rw_locale_vector<__rw::__rw_facet_base*>::resize(unsigned, __rw::__rw_facet_base*const &) 0x0800a35b   Thumb Code    86  locale.o(t._ZN4__rw18__rw_locale_vectorIPNS_15__rw_facet_baseEE6resizeEjRKS2_)
    __rw::__rw_locale_vector<__rw::__rw_facet_base*>::~__rw_locale_vector() 0x0800a3b1   Thumb Code    14  locale.o(t._ZN4__rw18__rw_locale_vectorIPNS_15__rw_facet_baseEED1Ev)
    __rw::__rw_locale_vector<__rw::__rw_facet_base*>::~__rw_locale_vector__sub_object() 0x0800a3b1   Thumb Code     0  locale.o(t._ZN4__rw18__rw_locale_vectorIPNS_15__rw_facet_baseEED1Ev)
    __rw::__rw_locale_vector<__rw::__rw_cat*>::~__rw_locale_vector() 0x0800a3bf   Thumb Code    14  rwcats.o(t._ZN4__rw18__rw_locale_vectorIPNS_8__rw_catEED1Ev)
    __rw::__rw_locale_vector<__rw::__rw_cat*>::~__rw_locale_vector__sub_object() 0x0800a3bf   Thumb Code     0  rwcats.o(t._ZN4__rw18__rw_locale_vectorIPNS_8__rw_catEED1Ev)
    __rw::__rw_locale_vector<std::basic_string<char, std::char_traits<char>, std::allocator<char>>>::~__rw_locale_vector() 0x0800a3cd   Thumb Code    16  locale.o(t._ZN4__rw18__rw_locale_vectorISsED1Ev)
    __rw::__rw_locale_vector<std::basic_string<char, std::char_traits<char>, std::allocator<char>>>::~__rw_locale_vector__sub_object() 0x0800a3cd   Thumb Code     0  locale.o(t._ZN4__rw18__rw_locale_vectorISsED1Ev)
    __rw::__rw_locale_vector<std::__rw_open_cat_data>::resize(unsigned) 0x0800a3e1   Thumb Code   122  messages.o(t._ZN4__rw18__rw_locale_vectorISt18__rw_open_cat_dataE6resizeEj)
    __rw::__rw_locale_vector<std::__rw_open_cat_data>::~__rw_locale_vector() 0x0800a469   Thumb Code    16  messages.o(t._ZN4__rw18__rw_locale_vectorISt18__rw_open_cat_dataED1Ev)
    __rw::__rw_locale_vector<std::__rw_open_cat_data>::~__rw_locale_vector__sub_object() 0x0800a469   Thumb Code     0  messages.o(t._ZN4__rw18__rw_locale_vectorISt18__rw_open_cat_dataED1Ev)
    std::messages<char>::do_get(int, int, int, const std::basic_string<char, std::char_traits<char>, std::allocator<char>>&) const 0x0800a47d   Thumb Code   136  rwstdexcept.o(t._ZNKSt8messagesIcE6do_getEiiiRKSs)
    std::messages<char>::do_open(const std::basic_string<char, std::char_traits<char>, std::allocator<char>>&, const std::locale&) const 0x0800a50d   Thumb Code     6  rwstdexcept.o(t._ZNKSt8messagesIcE7do_openERKSsRKSt6locale)
    std::basic_string<char, std::char_traits<char>, std::allocator<char>>::_C_allocate(unsigned, unsigned, unsigned) 0x0800a513   Thumb Code    50  locale.o(t._ZNSs11_C_allocateEjjj)
    std::basic_string<char, std::char_traits<char>, std::allocator<char>>::replace(unsigned, unsigned, const char*, unsigned) 0x0800a545   Thumb Code    24  locale.o(t._ZNSs7replaceEjjPKcj)
    std::basic_string<char, std::char_traits<char>, std::allocator<char>>::replace(unsigned, unsigned, const char*, unsigned, unsigned, unsigned) 0x0800a55d   Thumb Code   352  char.o(t._ZNSs7replaceEjjPKcjjj)
    std::basic_string<char, std::char_traits<char>, std::allocator<char>>::_C_getRep(unsigned, unsigned) 0x0800a6c5   Thumb Code   108  char.o(t._ZNSs9_C_getRepEjj)
    std::basic_string<char, std::char_traits<char>, std::allocator<char>>::_C_unlink() 0x0800a739   Thumb Code    66  char.o(t._ZNSs9_C_unlinkEv)
    std::basic_string<char, std::char_traits<char>, std::allocator<char>>::basic_string(const char*, const std::allocator<char>&) 0x0800a781   Thumb Code    52  locale.o(t._ZNSsC1EPKcRKSaIcE)
    std::basic_string<char, std::char_traits<char>, std::allocator<char>>::basic_string__sub_object(const char*, const std::allocator<char>&) 0x0800a781   Thumb Code     0  locale.o(t._ZNSsC1EPKcRKSaIcE)
    std::basic_string<char, std::char_traits<char>, std::allocator<char>>::basic_string(const std::allocator<char>&) 0x0800a7b9   Thumb Code    12  locale.o(t._ZNSsC1ERKSaIcE)
    std::basic_string<char, std::char_traits<char>, std::allocator<char>>::basic_string__sub_object(const std::allocator<char>&) 0x0800a7b9   Thumb Code     0  locale.o(t._ZNSsC1ERKSaIcE)
    std::basic_string<char, std::char_traits<char>, std::allocator<char>>::basic_string(const std::basic_string<char, std::char_traits<char>, std::allocator<char>>&) 0x0800a7c9   Thumb Code    62  char.o(t._ZNSsC1ERKSs)
    std::basic_string<char, std::char_traits<char>, std::allocator<char>>::basic_string__sub_object(const std::basic_string<char, std::char_traits<char>, std::allocator<char>>&) 0x0800a7c9   Thumb Code     0  char.o(t._ZNSsC1ERKSs)
    std::basic_string<char, std::char_traits<char>, std::allocator<char>>::~basic_string() 0x0800a807   Thumb Code    12  char.o(t._ZNSsD1Ev)
    std::basic_string<char, std::char_traits<char>, std::allocator<char>>::~basic_string__sub_object() 0x0800a807   Thumb Code     0  char.o(t._ZNSsD1Ev)
    std::basic_string<char, std::char_traits<char>, std::allocator<char>>::operator =(const char*) 0x0800a815   Thumb Code    70  locale.o(t._ZNSsaSEPKc)
    std::basic_string<char, std::char_traits<char>, std::allocator<char>>::operator =(const std::basic_string<char, std::char_traits<char>, std::allocator<char>>&) 0x0800a861   Thumb Code    62  locale.o(t._ZNSsaSERKSs)
    const T1& std::max<unsigned>(const T1&, const T1&) 0x0800a89f   Thumb Code    12  char.o(t._ZSt3maxIjERKT_S2_S2_)
    fontText                                 0x0800a8aa   Data         480  fonts.o(.constdata)
    fontTextBig                              0x0800aa8a   Data         240  fonts.o(.constdata)
    AHBPrescTable                            0x0800ab82   Data          16  system_stm32f4xx.o(.constdata)
    APBPrescTable                            0x0800ab92   Data           8  system_stm32f4xx.o(.constdata)
    std::ctype<char>::_C_classic_table       0x0800abf8   Data         512  char.o(.constdata)
    __ctype_table                            0x0800adf8   Data         129  ctype_o.o(.constdata)
    vtable for ScreenHome                    0x0800ae80   Data          24  screen_home.o(.constdata__ZTV10ScreenHome)
    vtable for Screen                        0x0800ae98   Data          24  screen.o(.constdata__ZTV6Screen)
    vtable for std::locale::facet            0x0800aeb0   Data          20  rwstdexcept.o(.constdata__ZTVNSt6locale5facetE)
    vtable for std::ctype_byname<char>       0x0800aec4   Data          52  char.o(.constdata__ZTVSt12ctype_bynameIcE)
    vtable for std::__rw_exception           0x0800aef8   Data          20  rwstdexcept.o(.constdata__ZTVSt14__rw_exception)
    vtable for std::ctype<char>              0x0800af0c   Data          52  char.o(.constdata__ZTVSt5ctypeIcE)
    vtable for std::messages<char>           0x0800af40   Data          32  rwstdexcept.o(.constdata__ZTVSt8messagesIcE)
    vtable for std::exception                0x0800af60   Data          20  exception_dtor.o(.constdata__ZTVSt9exception)
    __rw::__rw_locale_imp::_C_category_name(int) const::string 0x0800af74   Data           1  locale.o(.constdata__ZZNK4__rw15__rw_locale_imp16_C_category_nameEiEs)
    std::basic_string<char, std::char_traits<char>, std::allocator<char>>::replace(unsigned, unsigned, const char*, unsigned, unsigned, unsigned)::string 0x0800af75   Data           1  char.o(.constdata__ZZNSs7replaceEjjPKcjjjEs)
    std::basic_string<char, std::char_traits<char>, std::allocator<char>>::_C_getRep(unsigned, unsigned)::string 0x0800af76   Data           1  char.o(.constdata__ZZNSs9_C_getRepEjjEs)
    std::vector<Layer*, std::allocator<Layer*>>::at(unsigned)::string 0x0800af77   Data           1  renderer.o(.constdata__ZZNSt6vectorIP5LayerSaIS1_EE2atEjEs)
    std::messages<char>::messages(unsigned)::string 0x0800af78   Data           2  rwstdexcept.o(.constdata__ZZNSt8messagesIcEC1EjEs)
    Region$$Table$$Base                      0x0800b1f0   Number         0  anon$$obj.o(Region$$Table)
    Region$$Table$$Limit                     0x0800b210   Number         0  anon$$obj.o(Region$$Table)
    SHT$$INIT_ARRAY$$Base                    0x0800b210   Number         0  os.o(.init_array)
    SHT$$INIT_ARRAY$$Limit                   0x0800b22c   Number         0  rwcats.o(.init_array)
    USBD_CDC_CfgHSDesc                       0x20000010   Data          67  usbd_cdc.o(.data)
    USBD_CDC_CfgFSDesc                       0x20000054   Data          67  usbd_cdc.o(.data)
    USBD_CDC_OtherSpeedCfgDesc               0x20000098   Data          67  usbd_cdc.o(.data)
    USBD_CDC                                 0x200000dc   Data          60  usbd_cdc.o(.data)
    dacValue                                 0x2000011c   Data           8  peripherals_dac.o(.data)
    encHandleA                               0x20000124   Data           4  peripherals_encoder.o(.data)
    encHandleB                               0x20000128   Data           4  peripherals_encoder.o(.data)
    OS::targetU                              0x20000138   Data           4  os.o(.data)
    OS::actualU                              0x2000013c   Data           4  os.o(.data)
    OS::targetI                              0x20000140   Data           4  os.o(.data)
    OS::actualI                              0x20000144   Data           4  os.o(.data)
    currScreen                               0x20000148   Data           4  os.o(.data)
    Mode                                     0x2000014c   Data           1  screen_home.o(.data)
    segments                                 0x2000015c   Data          10  screen_home.o(.data)
    os                                       0x20000168   Data           1  main.o(.data)
    USBD_Interface_fops_FS                   0x20000170   Data          16  usbd_cdc_if.o(.data)
    FS_Desc                                  0x20000180   Data          28  usbd_desc.o(.data)
    USBD_LangIDDesc                          0x2000019c   Data           4  usbd_desc.o(.data)
    USBD_FS_DeviceDesc                       0x200001a0   Data          18  usbd_desc.o(.data)
    uwTick                                   0x200001b4   Data           4  stm32f4xx_hal.o(.data)
    SystemCoreClock                          0x200001b8   Data           4  system_stm32f4xx.o(.data)
    std::ctype<char>::id                     0x200001d4   Data           4  char.o(.data)
    std::ctype<wchar_t>::id                  0x200001d8   Data           4  char.o(.data)
    std::locale::_C_classic                  0x200001e4   Data           4  locale.o(.data)
    std::locale::_C_native                   0x200001e8   Data           4  locale.o(.data)
    std::locale::_C_global                   0x200001ec   Data           4  locale.o(.data)
    std::codecvt<char, char, std::__mbstate_t>::id 0x200001f0   Data           4  locale.o(.data)
    std::codecvt<wchar_t, char, std::__mbstate_t>::id 0x200001f4   Data           4  locale.o(.data)
    __rw_throw_proc                          0x200001f8   Data           4  rwthrowproc_noex.o(.data)
    __stderr                                 0x200001fc   Data           4  stderr.o(.data)
    __microlib_freelist                      0x20000200   Data           4  mvars.o(.data)
    __microlib_freelist_initialised          0x20000204   Data           4  mvars.o(.data)
    std::locale::id::_C_init() const::_C_id_gen 0x20000220   Data           4  locale.o(.data__ZZNKSt6locale2id7_C_initEvE9_C_id_gen)
    guard variable for std::__rw_get_cats()::__open_cats 0x20000224   Data           4  messages.o(.data__ZZSt13__rw_get_catsvE11__open_cats)
    std::__rw_get_cats()::__open_cats        0x20000228   Data           8  messages.o(.data__ZZSt13__rw_get_catsvE11__open_cats)
    adcValue                                 0x20000230   Data          12  peripherals_adc.o(.bss)
    callbacks                                0x2000023c   Data         224  peripherals_input.o(.bss)
    screenHome                               0x2000031c   Data        4032  os.o(.bss)
    Screen::renderer                         0x200012dc   Data        4012  screen.o(.bss)
    Widget::widgetLayer                      0x20002288   Data        4001  widget.o(.bss)
    UserRxBufferFS                           0x20003229   Data        2048  usbd_cdc_if.o(.bss)
    UserTxBufferFS                           0x20003a29   Data        2048  usbd_cdc_if.o(.bss)
    hpcd_USB_OTG_FS                          0x2000422c   Data        1024  usbd_conf.o(.bss)
    hUsbDeviceFS                             0x2000462c   Data         548  usb_device.o(.bss)
    hi2c3                                    0x20004850   Data          84  i2c.o(.bss)
    htim2                                    0x200048a4   Data          60  tim.o(.bss)
    htim3                                    0x200048e0   Data          60  tim.o(.bss)
    htim6                                    0x2000491c   Data          60  tim.o(.bss)
    htim7                                    0x20004958   Data          60  tim.o(.bss)
    hadc1                                    0x20004994   Data          72  adc.o(.bss)
    hdma_adc1                                0x200049dc   Data          96  adc.o(.bss)
    hrtc                                     0x20004a3c   Data          32  rtc.o(.bss)
    hdac                                     0x20004a5c   Data          20  dac.o(.bss)
    hdma_dac1                                0x20004a70   Data          96  dac.o(.bss)
    hdma_dac2                                0x20004ad0   Data          96  dac.o(.bss)
    USBD_StrDesc                             0x20004b30   Data         512  usbd_desc.o(.bss)
    std::basic_string<char, std::char_traits<char>, std::allocator<char>>::__nullref 0x20004d48   Data          16  vendor.o(.bss__ZNSs9__nullrefE)
    __heap_base                              0x20004d58   Data           0  startup_stm32f413xx.o(HEAP)
    __heap_limit                             0x20006d58   Data           0  startup_stm32f413xx.o(HEAP)
    __initial_sp                             0x2000ad58   Data           0  startup_stm32f413xx.o(STACK)



==============================================================================

Memory Map of the image

  Image Entry point : 0x080001d9

  Load Region LR_IROM1 (Base: 0x08000000, Size: 0x0000b45c, Max: 0x00100000, ABSOLUTE, COMPRESSED[0x0000b310])

    Execution Region ER_IROM1 (Exec base: 0x08000000, Load base: 0x08000000, Size: 0x0000b22c, Max: 0x00100000, ABSOLUTE)

    Exec Addr    Load Addr    Size         Type   Attr      Idx    E Section Name        Object

    0x08000000   0x08000000   0x000001d8   Data   RO         6928    RESET               startup_stm32f413xx.o
    0x080001d8   0x080001d8   0x00000000   Code   RO         7325  * .ARM.Collect$$$$00000000  mc_w.l(entry.o)
    0x080001d8   0x080001d8   0x00000004   Code   RO         8192    .ARM.Collect$$$$00000001  mc_w.l(entry2.o)
    0x080001dc   0x080001dc   0x00000004   Code   RO         8195    .ARM.Collect$$$$00000004  mc_w.l(entry5.o)
    0x080001e0   0x080001e0   0x00000000   Code   RO         8197    .ARM.Collect$$$$00000008  mc_w.l(entry7b.o)
    0x080001e0   0x080001e0   0x00000004   Code   RO         8198    .ARM.Collect$$$$00000009  mc_w.l(entry8a.o)
    0x080001e4   0x080001e4   0x00000000   Code   RO         8199    .ARM.Collect$$$$0000000A  mc_w.l(entry8b.o)
    0x080001e4   0x080001e4   0x00000008   Code   RO         8200    .ARM.Collect$$$$0000000B  mc_w.l(entry9a.o)
    0x080001ec   0x080001ec   0x00000000   Code   RO         8202    .ARM.Collect$$$$0000000D  mc_w.l(entry10a.o)
    0x080001ec   0x080001ec   0x00000004   Code   RO         8203    .ARM.Collect$$$$0000000E  mc_w.l(entry10b.o)
    0x080001f0   0x080001f0   0x00000000   Code   RO         8204    .ARM.Collect$$$$0000000F  mc_w.l(entry11a.o)
    0x080001f0   0x080001f0   0x00000004   Code   RO         8193    .ARM.Collect$$$$00002712  mc_w.l(entry2.o)
    0x080001f4   0x080001f4   0x00000024   Code   RO         6929    .text               startup_stm32f413xx.o
    0x08000218   0x08000218   0x00000024   Code   RO         7328    .text               mc_w.l(memcpya.o)
    0x0800023c   0x0800023c   0x00000024   Code   RO         7330    .text               mc_w.l(memseta.o)
    0x08000260   0x08000260   0x00000020   Code   RO         7626    .text               mc_w.l(cpp_init.o)
    0x08000280   0x08000280   0x0000002e   Code   RO         7628    .text               mc_w.l(aeabi_atexit.o)
    0x080002ae   0x080002ae   0x0000014e   Code   RO         7630    .text               mf_w.l(dadd.o)
    0x080003fc   0x080003fc   0x000000e4   Code   RO         7632    .text               mf_w.l(dmul.o)
    0x080004e0   0x080004e0   0x000000de   Code   RO         7634    .text               mf_w.l(ddiv.o)
    0x080005be   0x080005be   0x0000001a   Code   RO         7636    .text               mf_w.l(dfltui.o)
    0x080005d8   0x080005d8   0x00000032   Code   RO         7638    .text               mf_w.l(dfixui.o)
    0x0800060a   0x0800060a   0x00000026   Code   RO         7640    .text               mf_w.l(f2d.o)
    0x08000630   0x08000630   0x0000000e   Code   RO         8174    .text               cpprt_w.l(aeabi_vec_delete_noexceptions.o)
    0x0800063e   0x0800063e   0x0000002c   Code   RO         8210    .text               mc_w.l(uidiv.o)
    0x0800066a   0x0800066a   0x00000062   Code   RO         8212    .text               mc_w.l(uldiv.o)
    0x080006cc   0x080006cc   0x0000001e   Code   RO         8214    .text               mc_w.l(llshl.o)
    0x080006ea   0x080006ea   0x00000020   Code   RO         8216    .text               mc_w.l(llushr.o)
    0x0800070a   0x0800070a   0x00000024   Code   RO         8218    .text               mc_w.l(llsshr.o)
    0x0800072e   0x0800072e   0x00000018   Code   RO         8226    .text               mc_w.l(strcat.o)
    0x08000746   0x08000746   0x0000000e   Code   RO         8228    .text               mc_w.l(strlen.o)
    0x08000754   0x08000754   0x00000012   Code   RO         8230    .text               mc_w.l(strcpy.o)
    0x08000766   0x08000766   0x00000020   Code   RO         8232    .text               mc_w.l(strrchr.o)
    0x08000786   0x08000786   0x00000002   PAD
    0x08000788   0x08000788   0x00000038   Code   RO         8238    .text               mc_w.l(sscanf.o)
    0x080007c0   0x080007c0   0x00000000   Code   RO         8240    .text               mc_w.l(iusefp.o)
    0x080007c0   0x080007c0   0x00000008   Code   RO         8241    .text               mc_w.l(cpp_dtor.o)
    0x080007c8   0x080007c8   0x00000002   Code   RO         8244    .text               mc_w.l(cpp_signal.o)
    0x080007ca   0x080007ca   0x00000042   Code   RO         8246    .text               mc_w.l(cxa_finalize.o)
    0x0800080c   0x0800080c   0x000000ba   Code   RO         8248    .text               mf_w.l(depilogue.o)
    0x080008c6   0x080008c6   0x00000030   Code   RO         8250    .text               mf_w.l(dfixul.o)
    0x080008f6   0x080008f6   0x00000002   PAD
    0x080008f8   0x080008f8   0x00000030   Code   RO         8252    .text               mf_w.l(cdrcmple.o)
    0x08000928   0x08000928   0x00000004   Code   RO         8343    .text               cpprt_w.l(arm_newhandler_noexceptions.o)
    0x0800092c   0x0800092c   0x0000001a   Code   RO         8384    .text               cpprt_w.l(arm_exceptions_terminate.o)
    0x08000946   0x08000946   0x00000002   PAD
    0x08000948   0x08000948   0x00000050   Code   RO         8387    .text               cpprt_w.l(arm_exceptions_globs.o)
    0x08000998   0x08000998   0x00000024   Code   RO         8396    .text               mc_w.l(init.o)
    0x080009bc   0x080009bc   0x00000000   Code   RO         8398    .text               mc_w.l(semi.o)
    0x080009bc   0x080009bc   0x00000008   Code   RO         8399    .text               mc_w.l(ctype_o.o)
    0x080009c4   0x080009c4   0x00000012   Code   RO         8421    .text               mc_w.l(isspace_o.o)
    0x080009d6   0x080009d6   0x00000042   Code   RO         8435    .text               mc_w.l(memmove.o)
    0x08000a18   0x08000a18   0x0000001c   Code   RO         8439    .text               mc_w.l(strcmp.o)
    0x08000a34   0x08000a34   0x00000156   Code   RO         8451    .text               mc_w.l(_scanf_longlong.o)
    0x08000b8a   0x08000b8a   0x0000014c   Code   RO         8453    .text               mc_w.l(_scanf_int.o)
    0x08000cd6   0x08000cd6   0x000000e0   Code   RO         8455    .text               mc_w.l(_scanf_str.o)
    0x08000db6   0x08000db6   0x00000002   PAD
    0x08000db8   0x08000db8   0x00000360   Code   RO         8457    .text               mc_w.l(scanf_fp.o)
    0x08001118   0x08001118   0x00000028   Code   RO         8461    .text               mc_w.l(scanf_char.o)
    0x08001140   0x08001140   0x00000040   Code   RO         8463    .text               mc_w.l(_sgetc.o)
    0x08001180   0x08001180   0x00000000   Code   RO         8465    .text               mc_w.l(iusesemip.o)
    0x08001180   0x08001180   0x00000002   Code   RO         8466    .text               mc_w.l(cpp_final.o)
    0x08001182   0x08001182   0x00000002   PAD
    0x08001184   0x08001184   0x00000014   Code   RO         8468    .text               mc_w.l(cpp_memory.o)
    0x08001198   0x08001198   0x00000002   Code   RO         8471    .text               cpprt_w.l(arm_rethrow_noexceptions.o)
    0x0800119a   0x0800119a   0x00000022   Code   RO         8480    .text               cpprt_w.l(aeabi_vec_dtor_noexceptions.o)
    0x080011bc   0x080011bc   0x0000003c   Code   RO         8483    .text               cpprt_w.l(arm_exceptions_mem.o)
    0x080011f8   0x080011f8   0x0000001c   Code   RO         8500    .text               mc_w.l(_chval.o)
    0x08001214   0x08001214   0x0000032c   Code   RO         8502    .text               mc_w.l(_scanf.o)
    0x08001540   0x08001540   0x00000018   Code   RO         8506    .text               mf_w.l(dfltul.o)
    0x08001558   0x08001558   0x00000038   Code   RO         8510    .text               mf_w.l(d2f.o)
    0x08001590   0x08001590   0x0000006e   Code   RO         8525    .text               mf_w.l(fepilogue.o)
    0x080015fe   0x080015fe   0x0000001c   Code   RO         8527    .text               cpprt_w.l(ARM_vec_cleanup_noexceptions.o)
    0x0800161a   0x0800161a   0x00000056   Code   RO         8546    .text               mc_w.l(__dczerorl2.o)
    0x08001670   0x08001670   0x00000014   Code   RO         7898    i.<Func5>           cpp_ws.l(locale.o)
    0x08001684   0x08001684   0x00000068   Code   RO         5214    i.ADC_DMAConvCplt   stm32f4xx_hal_adc.o
    0x080016ec   0x080016ec   0x00000016   Code   RO         5215    i.ADC_DMAError      stm32f4xx_hal_adc.o
    0x08001702   0x08001702   0x0000000a   Code   RO         5216    i.ADC_DMAHalfConvCplt  stm32f4xx_hal_adc.o
    0x0800170c   0x0800170c   0x00000002   Code   RO         3090    i.BusFault_Handler  stm32f4xx_it.o
    0x0800170e   0x0800170e   0x00000004   Code   RO         2487    i.CDC_Control_FS    usbd_cdc_if.o
    0x08001712   0x08001712   0x00000004   Code   RO         2488    i.CDC_DeInit_FS     usbd_cdc_if.o
    0x08001716   0x08001716   0x00000002   PAD
    0x08001718   0x08001718   0x00000024   Code   RO         2489    i.CDC_Init_FS       usbd_cdc_if.o
    0x0800173c   0x0800173c   0x00000018   Code   RO         2490    i.CDC_Receive_FS    usbd_cdc_if.o
    0x08001754   0x08001754   0x00000010   Code   RO         3695    i.DAC_DMAConvCpltCh1  stm32f4xx_hal_dac.o
    0x08001764   0x08001764   0x00000010   Code   RO         4199    i.DAC_DMAConvCpltCh2  stm32f4xx_hal_dac_ex.o
    0x08001774   0x08001774   0x00000018   Code   RO         3696    i.DAC_DMAErrorCh1   stm32f4xx_hal_dac.o
    0x0800178c   0x0800178c   0x00000018   Code   RO         4200    i.DAC_DMAErrorCh2   stm32f4xx_hal_dac_ex.o
    0x080017a4   0x080017a4   0x0000000a   Code   RO         3697    i.DAC_DMAHalfConvCpltCh1  stm32f4xx_hal_dac.o
    0x080017ae   0x080017ae   0x0000000a   Code   RO         4201    i.DAC_DMAHalfConvCpltCh2  stm32f4xx_hal_dac_ex.o
    0x080017b8   0x080017b8   0x0000000c   Code   RO         3091    i.DMA1_Stream5_IRQHandler  stm32f4xx_it.o
    0x080017c4   0x080017c4   0x0000000c   Code   RO         3092    i.DMA1_Stream6_IRQHandler  stm32f4xx_it.o
    0x080017d0   0x080017d0   0x0000000c   Code   RO         3093    i.DMA2_Stream0_IRQHandler  stm32f4xx_it.o
    0x080017dc   0x080017dc   0x00000002   Code   RO         3094    i.DebugMon_Handler  stm32f4xx_it.o
    0x080017de   0x080017de   0x00000002   PAD
    0x080017e0   0x080017e0   0x00000030   Code   RO          803    i.EXTI15_10_IRQHandler  peripherals_input.o
    0x08001810   0x08001810   0x0000002c   Code   RO          804    i.EXTI2_IRQHandler  peripherals_input.o
    0x0800183c   0x0800183c   0x0000002c   Code   RO          805    i.EXTI3_IRQHandler  peripherals_input.o
    0x08001868   0x08001868   0x0000002c   Code   RO          806    i.EXTI4_IRQHandler  peripherals_input.o
    0x08001894   0x08001894   0x000001b0   Code   RO         5218    i.HAL_ADC_ConfigChannel  stm32f4xx_hal_adc.o
    0x08001a44   0x08001a44   0x00000002   Code   RO         5219    i.HAL_ADC_ConvCpltCallback  stm32f4xx_hal_adc.o
    0x08001a46   0x08001a46   0x00000002   Code   RO         5220    i.HAL_ADC_ConvHalfCpltCallback  stm32f4xx_hal_adc.o
    0x08001a48   0x08001a48   0x00000002   Code   RO         5222    i.HAL_ADC_ErrorCallback  stm32f4xx_hal_adc.o
    0x08001a4a   0x08001a4a   0x00000002   PAD
    0x08001a4c   0x08001a4c   0x00000178   Code   RO         5227    i.HAL_ADC_Init      stm32f4xx_hal_adc.o
    0x08001bc4   0x08001bc4   0x00000098   Code   RO         2908    i.HAL_ADC_MspInit   adc.o
    0x08001c5c   0x08001c5c   0x00000160   Code   RO         5234    i.HAL_ADC_Start_DMA  stm32f4xx_hal_adc.o
    0x08001dbc   0x08001dbc   0x00000002   Code   RO         4202    i.HAL_DACEx_ConvCpltCallbackCh2  stm32f4xx_hal_dac_ex.o
    0x08001dbe   0x08001dbe   0x00000002   Code   RO         4203    i.HAL_DACEx_ConvHalfCpltCallbackCh2  stm32f4xx_hal_dac_ex.o
    0x08001dc0   0x08001dc0   0x00000002   Code   RO         4207    i.HAL_DACEx_ErrorCallbackCh2  stm32f4xx_hal_dac_ex.o
    0x08001dc2   0x08001dc2   0x0000004e   Code   RO         3698    i.HAL_DAC_ConfigChannel  stm32f4xx_hal_dac.o
    0x08001e10   0x08001e10   0x00000002   Code   RO         3699    i.HAL_DAC_ConvCpltCallbackCh1  stm32f4xx_hal_dac.o
    0x08001e12   0x08001e12   0x00000002   Code   RO         3700    i.HAL_DAC_ConvHalfCpltCallbackCh1  stm32f4xx_hal_dac.o
    0x08001e14   0x08001e14   0x00000002   Code   RO         3703    i.HAL_DAC_ErrorCallbackCh1  stm32f4xx_hal_dac.o
    0x08001e16   0x08001e16   0x00000028   Code   RO         3708    i.HAL_DAC_Init      stm32f4xx_hal_dac.o
    0x08001e3e   0x08001e3e   0x00000002   PAD
    0x08001e40   0x08001e40   0x000000e4   Code   RO         3025    i.HAL_DAC_MspInit   dac.o
    0x08001f24   0x08001f24   0x0000007a   Code   RO         3712    i.HAL_DAC_Start     stm32f4xx_hal_dac.o
    0x08001f9e   0x08001f9e   0x00000002   PAD
    0x08001fa0   0x08001fa0   0x000000f4   Code   RO         3713    i.HAL_DAC_Start_DMA  stm32f4xx_hal_dac.o
    0x08002094   0x08002094   0x000001e8   Code   RO         5652    i.HAL_DMA_IRQHandler  stm32f4xx_hal_dma.o
    0x0800227c   0x0800227c   0x0000015c   Code   RO         5653    i.HAL_DMA_Init      stm32f4xx_hal_dma.o
    0x080023d8   0x080023d8   0x0000009c   Code   RO         5657    i.HAL_DMA_Start_IT  stm32f4xx_hal_dma.o
    0x08002474   0x08002474   0x0000001e   Code   RO         5002    i.HAL_Delay         stm32f4xx_hal.o
    0x08002492   0x08002492   0x00000002   Code   RO         5149    i.HAL_GPIO_EXTI_Callback  stm32f4xx_hal_gpio.o
    0x08002494   0x08002494   0x00000018   Code   RO         5150    i.HAL_GPIO_EXTI_IRQHandler  stm32f4xx_hal_gpio.o
    0x080024ac   0x080024ac   0x0000022c   Code   RO         5151    i.HAL_GPIO_Init     stm32f4xx_hal_gpio.o
    0x080026d8   0x080026d8   0x0000000a   Code   RO         5153    i.HAL_GPIO_ReadPin  stm32f4xx_hal_gpio.o
    0x080026e2   0x080026e2   0x00000008   Code   RO         5154    i.HAL_GPIO_TogglePin  stm32f4xx_hal_gpio.o
    0x080026ea   0x080026ea   0x0000000a   Code   RO         5155    i.HAL_GPIO_WritePin  stm32f4xx_hal_gpio.o
    0x080026f4   0x080026f4   0x0000000c   Code   RO         5008    i.HAL_GetTick       stm32f4xx_hal.o
    0x08002700   0x08002700   0x00000108   Code   RO         3877    i.HAL_I2C_Init      stm32f4xx_hal_i2c.o
    0x08002808   0x08002808   0x000001ac   Code   RO         3896    i.HAL_I2C_Mem_Write  stm32f4xx_hal_i2c.o
    0x080029b4   0x080029b4   0x0000005c   Code   RO         2794    i.HAL_I2C_MspInit   i2c.o
    0x08002a10   0x08002a10   0x00000010   Code   RO         5010    i.HAL_IncTick       stm32f4xx_hal.o
    0x08002a20   0x08002a20   0x00000034   Code   RO         5011    i.HAL_Init          stm32f4xx_hal.o
    0x08002a54   0x08002a54   0x00000028   Code   RO         5012    i.HAL_InitTick      stm32f4xx_hal.o
    0x08002a7c   0x08002a7c   0x00000070   Code   RO         3066    i.HAL_MspInit       stm32f4xx_hal_msp.o
    0x08002aec   0x08002aec   0x00000018   Code   RO         5384    i.HAL_NVIC_EnableIRQ  stm32f4xx_hal_cortex.o
    0x08002b04   0x08002b04   0x00000064   Code   RO         5390    i.HAL_NVIC_SetPriority  stm32f4xx_hal_cortex.o
    0x08002b68   0x08002b68   0x00000024   Code   RO         5391    i.HAL_NVIC_SetPriorityGrouping  stm32f4xx_hal_cortex.o
    0x08002b8c   0x08002b8c   0x00000014   Code   RO         4785    i.HAL_PCDEx_ActivateBCD  stm32f4xx_hal_pcd_ex.o
    0x08002ba0   0x08002ba0   0x00000026   Code   RO         4786    i.HAL_PCDEx_ActivateLPM  stm32f4xx_hal_pcd_ex.o
    0x08002bc6   0x08002bc6   0x00000002   Code   RO         4791    i.HAL_PCDEx_LPM_Callback  stm32f4xx_hal_pcd_ex.o
    0x08002bc8   0x08002bc8   0x00000008   Code   RO         4792    i.HAL_PCDEx_SetRxFiFo  stm32f4xx_hal_pcd_ex.o
    0x08002bd0   0x08002bd0   0x0000004e   Code   RO         4793    i.HAL_PCDEx_SetTxFiFo  stm32f4xx_hal_pcd_ex.o
    0x08002c1e   0x08002c1e   0x00000008   Code   RO         2543    i.HAL_PCD_ConnectCallback  usbd_conf.o
    0x08002c26   0x08002c26   0x00000012   Code   RO         2544    i.HAL_PCD_DataInStageCallback  usbd_conf.o
    0x08002c38   0x08002c38   0x00000014   Code   RO         2545    i.HAL_PCD_DataOutStageCallback  usbd_conf.o
    0x08002c4c   0x08002c4c   0x00000008   Code   RO         2546    i.HAL_PCD_DisconnectCallback  usbd_conf.o
    0x08002c54   0x08002c54   0x00000046   Code   RO         6613    i.HAL_PCD_EP_Close  stm32f4xx_hal_pcd.o
    0x08002c9a   0x08002c9a   0x0000004e   Code   RO         6614    i.HAL_PCD_EP_ClrStall  stm32f4xx_hal_pcd.o
    0x08002ce8   0x08002ce8   0x00000014   Code   RO         6616    i.HAL_PCD_EP_GetRxCount  stm32f4xx_hal_pcd.o
    0x08002cfc   0x08002cfc   0x00000058   Code   RO         6617    i.HAL_PCD_EP_Open   stm32f4xx_hal_pcd.o
    0x08002d54   0x08002d54   0x0000004a   Code   RO         6618    i.HAL_PCD_EP_Receive  stm32f4xx_hal_pcd.o
    0x08002d9e   0x08002d9e   0x0000005e   Code   RO         6619    i.HAL_PCD_EP_SetStall  stm32f4xx_hal_pcd.o
    0x08002dfc   0x08002dfc   0x00000042   Code   RO         6620    i.HAL_PCD_EP_Transmit  stm32f4xx_hal_pcd.o
    0x08002e3e   0x08002e3e   0x00000002   PAD
    0x08002e40   0x08002e40   0x00000670   Code   RO         6622    i.HAL_PCD_IRQHandler  stm32f4xx_hal_pcd.o
    0x080034b0   0x080034b0   0x00000008   Code   RO         2547    i.HAL_PCD_ISOINIncompleteCallback  usbd_conf.o
    0x080034b8   0x080034b8   0x00000008   Code   RO         2548    i.HAL_PCD_ISOOUTIncompleteCallback  usbd_conf.o
    0x080034c0   0x080034c0   0x000000ec   Code   RO         6625    i.HAL_PCD_Init      stm32f4xx_hal_pcd.o
    0x080035ac   0x080035ac   0x00000080   Code   RO         2550    i.HAL_PCD_MspInit   usbd_conf.o
    0x0800362c   0x0800362c   0x00000022   Code   RO         2551    i.HAL_PCD_ResetCallback  usbd_conf.o
    0x0800364e   0x0800364e   0x00000008   Code   RO         2552    i.HAL_PCD_ResumeCallback  usbd_conf.o
    0x08003656   0x08003656   0x00000008   Code   RO         2553    i.HAL_PCD_SOFCallback  usbd_conf.o
    0x0800365e   0x0800365e   0x00000024   Code   RO         6631    i.HAL_PCD_SetAddress  stm32f4xx_hal_pcd.o
    0x08003682   0x08003682   0x0000000e   Code   RO         2554    i.HAL_PCD_SetupStageCallback  usbd_conf.o
    0x08003690   0x08003690   0x0000002a   Code   RO         6633    i.HAL_PCD_Start     stm32f4xx_hal_pcd.o
    0x080036ba   0x080036ba   0x00000002   PAD
    0x080036bc   0x080036bc   0x00000034   Code   RO         2555    i.HAL_PCD_SuspendCallback  usbd_conf.o
    0x080036f0   0x080036f0   0x00000458   Code   RO         4499    i.HAL_RCCEx_PeriphCLKConfig  stm32f4xx_hal_rcc_ex.o
    0x08003b48   0x08003b48   0x00000198   Code   RO         5510    i.HAL_RCC_ClockConfig  stm32f4xx_hal_rcc.o
    0x08003ce0   0x08003ce0   0x0000000c   Code   RO         5515    i.HAL_RCC_GetHCLKFreq  stm32f4xx_hal_rcc.o
    0x08003cec   0x08003cec   0x00000030   Code   RO         5517    i.HAL_RCC_GetPCLK1Freq  stm32f4xx_hal_rcc.o
    0x08003d1c   0x08003d1c   0x00000064   Code   RO         5519    i.HAL_RCC_GetSysClockFreq  stm32f4xx_hal_rcc.o
    0x08003d80   0x08003d80   0x000003cc   Code   RO         4503    i.HAL_RCC_OscConfig  stm32f4xx_hal_rcc_ex.o
    0x0800414c   0x0800414c   0x000000cc   Code   RO         4369    i.HAL_RTC_Init      stm32f4xx_hal_rtc.o
    0x08004218   0x08004218   0x0000001c   Code   RO         2983    i.HAL_RTC_MspInit   rtc.o
    0x08004234   0x08004234   0x00000016   Code   RO         5393    i.HAL_SYSTICK_CLKSourceConfig  stm32f4xx_hal_cortex.o
    0x0800424a   0x0800424a   0x00000002   Code   RO         5394    i.HAL_SYSTICK_Callback  stm32f4xx_hal_cortex.o
    0x0800424c   0x0800424c   0x0000002c   Code   RO         5395    i.HAL_SYSTICK_Config  stm32f4xx_hal_cortex.o
    0x08004278   0x08004278   0x00000008   Code   RO         5396    i.HAL_SYSTICK_IRQHandler  stm32f4xx_hal_cortex.o
    0x08004280   0x08004280   0x00000002   Code   RO         3356    i.HAL_TIMEx_BreakCallback  stm32f4xx_hal_tim_ex.o
    0x08004282   0x08004282   0x00000002   Code   RO         3357    i.HAL_TIMEx_CommutationCallback  stm32f4xx_hal_tim_ex.o
    0x08004284   0x08004284   0x00000064   Code   RO         3373    i.HAL_TIMEx_MasterConfigSynchronization  stm32f4xx_hal_tim_ex.o
    0x080042e8   0x080042e8   0x00000036   Code   RO         6017    i.HAL_TIM_Base_Init  stm32f4xx_hal_tim.o
    0x0800431e   0x0800431e   0x00000002   PAD
    0x08004320   0x08004320   0x00000048   Code   RO         2836    i.HAL_TIM_Base_MspInit  tim.o
    0x08004368   0x08004368   0x0000001a   Code   RO         6020    i.HAL_TIM_Base_Start  stm32f4xx_hal_tim.o
    0x08004382   0x08004382   0x000000ac   Code   RO         6035    i.HAL_TIM_Encoder_Init  stm32f4xx_hal_tim.o
    0x0800442e   0x0800442e   0x00000002   PAD
    0x08004430   0x08004430   0x00000084   Code   RO         2838    i.HAL_TIM_Encoder_MspInit  tim.o
    0x080044b4   0x080044b4   0x00000058   Code   RO         6038    i.HAL_TIM_Encoder_Start  stm32f4xx_hal_tim.o
    0x0800450c   0x0800450c   0x00000002   Code   RO         6046    i.HAL_TIM_IC_CaptureCallback  stm32f4xx_hal_tim.o
    0x0800450e   0x0800450e   0x0000016c   Code   RO         6059    i.HAL_TIM_IRQHandler  stm32f4xx_hal_tim.o
    0x0800467a   0x0800467a   0x00000002   Code   RO         6062    i.HAL_TIM_OC_DelayElapsedCallback  stm32f4xx_hal_tim.o
    0x0800467c   0x0800467c   0x00000002   Code   RO         6089    i.HAL_TIM_PWM_PulseFinishedCallback  stm32f4xx_hal_tim.o
    0x0800467e   0x0800467e   0x00000002   Code   RO         6096    i.HAL_TIM_PeriodElapsedCallback  stm32f4xx_hal_tim.o
    0x08004680   0x08004680   0x00000002   Code   RO         6100    i.HAL_TIM_TriggerCallback  stm32f4xx_hal_tim.o
    0x08004682   0x08004682   0x00000002   Code   RO         3095    i.HardFault_Handler  stm32f4xx_it.o
    0x08004684   0x08004684   0x000000b4   Code   RO         3916    i.I2C_RequestMemoryWrite  stm32f4xx_hal_i2c.o
    0x08004738   0x08004738   0x0000009e   Code   RO         3917    i.I2C_WaitOnFlagUntilTimeout  stm32f4xx_hal_i2c.o
    0x080047d6   0x080047d6   0x000000b4   Code   RO         3918    i.I2C_WaitOnMasterAddressFlagUntilTimeout  stm32f4xx_hal_i2c.o
    0x0800488a   0x0800488a   0x0000007c   Code   RO         3919    i.I2C_WaitOnTXEFlagUntilTimeout  stm32f4xx_hal_i2c.o
    0x08004906   0x08004906   0x00000002   PAD
    0x08004908   0x08004908   0x000000b0   Code   RO         2909    i.MX_ADC1_Init      adc.o
    0x080049b8   0x080049b8   0x0000006c   Code   RO         3026    i.MX_DAC_Init       dac.o
    0x08004a24   0x08004a24   0x0000005c   Code   RO         2955    i.MX_DMA_Init       dma.o
    0x08004a80   0x08004a80   0x00000198   Code   RO         2766    i.MX_GPIO_Init      gpio.o
    0x08004c18   0x08004c18   0x00000054   Code   RO         2795    i.MX_I2C3_Init      i2c.o
    0x08004c6c   0x08004c6c   0x00000048   Code   RO         2984    i.MX_RTC_Init       rtc.o
    0x08004cb4   0x08004cb4   0x00000074   Code   RO         2839    i.MX_TIM2_Init      tim.o
    0x08004d28   0x08004d28   0x00000074   Code   RO         2840    i.MX_TIM3_Init      tim.o
    0x08004d9c   0x08004d9c   0x00000060   Code   RO         2841    i.MX_TIM6_Init      tim.o
    0x08004dfc   0x08004dfc   0x00000060   Code   RO         2842    i.MX_TIM7_Init      tim.o
    0x08004e5c   0x08004e5c   0x00000038   Code   RO         2732    i.MX_USB_DEVICE_Init  usb_device.o
    0x08004e94   0x08004e94   0x00000002   Code   RO         3096    i.MemManage_Handler  stm32f4xx_it.o
    0x08004e96   0x08004e96   0x00000002   Code   RO         3097    i.NMI_Handler       stm32f4xx_it.o
    0x08004e98   0x08004e98   0x0000000c   Code   RO         3098    i.OTG_FS_IRQHandler  stm32f4xx_it.o
    0x08004ea4   0x08004ea4   0x00000002   Code   RO         3099    i.PendSV_Handler    stm32f4xx_it.o
    0x08004ea6   0x08004ea6   0x00000002   Code   RO         3100    i.SVC_Handler       stm32f4xx_it.o
    0x08004ea8   0x08004ea8   0x0000000e   Code   RO         3101    i.SysTick_Handler   stm32f4xx_it.o
    0x08004eb6   0x08004eb6   0x00000002   PAD
    0x08004eb8   0x08004eb8   0x00000058   Code   RO         6892    i.SystemInit        system_stm32f4xx.o
    0x08004f10   0x08004f10   0x00000038   Code   RO          807    i.TIM2_IRQHandler   peripherals_input.o
    0x08004f48   0x08004f48   0x0000003c   Code   RO          808    i.TIM3_IRQHandler   peripherals_input.o
    0x08004f84   0x08004f84   0x000000c4   Code   RO         6101    i.TIM_Base_SetConfig  stm32f4xx_hal_tim.o
    0x08005048   0x08005048   0x00000016   Code   RO            4    i.USBD_CDC_DataIn   usbd_cdc.o
    0x0800505e   0x0800505e   0x00000030   Code   RO            5    i.USBD_CDC_DataOut  usbd_cdc.o
    0x0800508e   0x0800508e   0x0000003c   Code   RO            6    i.USBD_CDC_DeInit   usbd_cdc.o
    0x080050ca   0x080050ca   0x00000026   Code   RO            7    i.USBD_CDC_EP0_RxReady  usbd_cdc.o
    0x080050f0   0x080050f0   0x0000000c   Code   RO            8    i.USBD_CDC_GetDeviceQualifierDescriptor  usbd_cdc.o
    0x080050fc   0x080050fc   0x0000000c   Code   RO            9    i.USBD_CDC_GetFSCfgDesc  usbd_cdc.o
    0x08005108   0x08005108   0x0000000c   Code   RO           10    i.USBD_CDC_GetHSCfgDesc  usbd_cdc.o
    0x08005114   0x08005114   0x0000000c   Code   RO           11    i.USBD_CDC_GetOtherSpeedCfgDesc  usbd_cdc.o
    0x08005120   0x08005120   0x0000009a   Code   RO           12    i.USBD_CDC_Init     usbd_cdc.o
    0x080051ba   0x080051ba   0x00000030   Code   RO           13    i.USBD_CDC_ReceivePacket  usbd_cdc.o
    0x080051ea   0x080051ea   0x00000010   Code   RO           14    i.USBD_CDC_RegisterInterface  usbd_cdc.o
    0x080051fa   0x080051fa   0x0000000c   Code   RO           15    i.USBD_CDC_SetRxBuffer  usbd_cdc.o
    0x08005206   0x08005206   0x00000010   Code   RO           16    i.USBD_CDC_SetTxBuffer  usbd_cdc.o
    0x08005216   0x08005216   0x00000002   PAD
    0x08005218   0x08005218   0x00000078   Code   RO           17    i.USBD_CDC_Setup    usbd_cdc.o
    0x08005290   0x08005290   0x0000000e   Code   RO          324    i.USBD_ClrClassConfig  usbd_core.o
    0x0800529e   0x0800529e   0x00000010   Code   RO          264    i.USBD_CtlContinueRx  usbd_ioreq.o
    0x080052ae   0x080052ae   0x00000010   Code   RO          265    i.USBD_CtlContinueSendData  usbd_ioreq.o
    0x080052be   0x080052be   0x0000001e   Code   RO          266    i.USBD_CtlPrepareRx  usbd_ioreq.o
    0x080052dc   0x080052dc   0x00000016   Code   RO          267    i.USBD_CtlReceiveStatus  usbd_ioreq.o
    0x080052f2   0x080052f2   0x0000001a   Code   RO          268    i.USBD_CtlSendData  usbd_ioreq.o
    0x0800530c   0x0800530c   0x00000016   Code   RO          269    i.USBD_CtlSendStatus  usbd_ioreq.o
    0x08005322   0x08005322   0x00000002   PAD
    0x08005324   0x08005324   0x00000020   Code   RO         3190    i.USBD_FS_ConfigStrDescriptor  usbd_desc.o
    0x08005344   0x08005344   0x0000000c   Code   RO         3191    i.USBD_FS_DeviceDescriptor  usbd_desc.o
    0x08005350   0x08005350   0x00000024   Code   RO         3192    i.USBD_FS_InterfaceStrDescriptor  usbd_desc.o
    0x08005374   0x08005374   0x0000000c   Code   RO         3193    i.USBD_FS_LangIDStrDescriptor  usbd_desc.o
    0x08005380   0x08005380   0x0000001c   Code   RO         3194    i.USBD_FS_ManufacturerStrDescriptor  usbd_desc.o
    0x0800539c   0x0800539c   0x00000020   Code   RO         3195    i.USBD_FS_ProductStrDescriptor  usbd_desc.o
    0x080053bc   0x080053bc   0x00000024   Code   RO         3196    i.USBD_FS_SerialStrDescriptor  usbd_desc.o
    0x080053e0   0x080053e0   0x00000068   Code   RO          463    i.USBD_GetString    usbd_ctlreq.o
    0x08005448   0x08005448   0x00000030   Code   RO          326    i.USBD_Init         usbd_core.o
    0x08005478   0x08005478   0x00000020   Code   RO         2556    i.USBD_LL_ClearStallEP  usbd_conf.o
    0x08005498   0x08005498   0x00000020   Code   RO         2557    i.USBD_LL_CloseEP   usbd_conf.o
    0x080054b8   0x080054b8   0x000000b0   Code   RO          327    i.USBD_LL_DataInStage  usbd_core.o
    0x08005568   0x08005568   0x0000006a   Code   RO          328    i.USBD_LL_DataOutStage  usbd_core.o
    0x080055d2   0x080055d2   0x00000004   Code   RO          329    i.USBD_LL_DevConnected  usbd_core.o
    0x080055d6   0x080055d6   0x00000016   Code   RO          330    i.USBD_LL_DevDisconnected  usbd_core.o
    0x080055ec   0x080055ec   0x00000008   Code   RO         2561    i.USBD_LL_GetRxDataSize  usbd_conf.o
    0x080055f4   0x080055f4   0x00000080   Code   RO         2562    i.USBD_LL_Init      usbd_conf.o
    0x08005674   0x08005674   0x00000020   Code   RO         2563    i.USBD_LL_IsStallEP  usbd_conf.o
    0x08005694   0x08005694   0x00000004   Code   RO          331    i.USBD_LL_IsoINIncomplete  usbd_core.o
    0x08005698   0x08005698   0x00000004   Code   RO          332    i.USBD_LL_IsoOUTIncomplete  usbd_core.o
    0x0800569c   0x0800569c   0x00000026   Code   RO         2564    i.USBD_LL_OpenEP    usbd_conf.o
    0x080056c2   0x080056c2   0x00000020   Code   RO         2565    i.USBD_LL_PrepareReceive  usbd_conf.o
    0x080056e2   0x080056e2   0x0000003e   Code   RO          333    i.USBD_LL_Reset     usbd_core.o
    0x08005720   0x08005720   0x0000000c   Code   RO          334    i.USBD_LL_Resume    usbd_core.o
    0x0800572c   0x0800572c   0x0000001a   Code   RO          335    i.USBD_LL_SOF       usbd_core.o
    0x08005746   0x08005746   0x00000006   Code   RO          336    i.USBD_LL_SetSpeed  usbd_core.o
    0x0800574c   0x0800574c   0x00000020   Code   RO         2566    i.USBD_LL_SetUSBAddress  usbd_conf.o
    0x0800576c   0x0800576c   0x0000005e   Code   RO          337    i.USBD_LL_SetupStage  usbd_core.o
    0x080057ca   0x080057ca   0x00000020   Code   RO         2567    i.USBD_LL_StallEP   usbd_conf.o
    0x080057ea   0x080057ea   0x00000020   Code   RO         2568    i.USBD_LL_Start     usbd_conf.o
    0x0800580a   0x0800580a   0x00000012   Code   RO          338    i.USBD_LL_Suspend   usbd_core.o
    0x0800581c   0x0800581c   0x00000020   Code   RO         2570    i.USBD_LL_Transmit  usbd_conf.o
    0x0800583c   0x0800583c   0x00000028   Code   RO          464    i.USBD_ParseSetupRequest  usbd_ctlreq.o
    0x08005864   0x08005864   0x00000010   Code   RO          339    i.USBD_RegisterClass  usbd_core.o
    0x08005874   0x08005874   0x00000018   Code   RO          341    i.USBD_SetClassConfig  usbd_core.o
    0x0800588c   0x0800588c   0x0000000a   Code   RO          342    i.USBD_Start        usbd_core.o
    0x08005896   0x08005896   0x00000002   PAD
    0x08005898   0x08005898   0x000002a4   Code   RO          465    i.USBD_StdDevReq    usbd_ctlreq.o
    0x08005b3c   0x08005b3c   0x0000010a   Code   RO          466    i.USBD_StdEPReq     usbd_ctlreq.o
    0x08005c46   0x08005c46   0x00000040   Code   RO          467    i.USBD_StdItfReq    usbd_ctlreq.o
    0x08005c86   0x08005c86   0x00000002   PAD
    0x08005c88   0x08005c88   0x00000090   Code   RO         5739    i.USB_ActivateEndpoint  stm32f4xx_ll_usb.o
    0x08005d18   0x08005d18   0x00000034   Code   RO         5740    i.USB_ActivateSetup  stm32f4xx_ll_usb.o
    0x08005d4c   0x08005d4c   0x000000bc   Code   RO         5742    i.USB_CoreInit      stm32f4xx_ll_usb.o
    0x08005e08   0x08005e08   0x000000ec   Code   RO         5744    i.USB_DeactivateEndpoint  stm32f4xx_ll_usb.o
    0x08005ef4   0x08005ef4   0x00000018   Code   RO         5745    i.USB_DevConnect    stm32f4xx_ll_usb.o
    0x08005f0c   0x08005f0c   0x00000018   Code   RO         5746    i.USB_DevDisconnect  stm32f4xx_ll_usb.o
    0x08005f24   0x08005f24   0x00000188   Code   RO         5747    i.USB_DevInit       stm32f4xx_ll_usb.o
    0x080060ac   0x080060ac   0x0000000c   Code   RO         5748    i.USB_DisableGlobalInt  stm32f4xx_ll_usb.o
    0x080060b8   0x080060b8   0x00000156   Code   RO         5751    i.USB_EP0StartXfer  stm32f4xx_ll_usb.o
    0x0800620e   0x0800620e   0x0000003e   Code   RO         5752    i.USB_EP0_OutStart  stm32f4xx_ll_usb.o
    0x0800624c   0x0800624c   0x00000066   Code   RO         5753    i.USB_EPClearStall  stm32f4xx_ll_usb.o
    0x080062b2   0x080062b2   0x00000064   Code   RO         5754    i.USB_EPSetStall    stm32f4xx_ll_usb.o
    0x08006316   0x08006316   0x00000002   PAD
    0x08006318   0x08006318   0x00000274   Code   RO         5755    i.USB_EPStartXfer   stm32f4xx_ll_usb.o
    0x0800658c   0x0800658c   0x0000000c   Code   RO         5756    i.USB_EnableGlobalInt  stm32f4xx_ll_usb.o
    0x08006598   0x08006598   0x00000028   Code   RO         5758    i.USB_FlushTxFifo   stm32f4xx_ll_usb.o
    0x080065c0   0x080065c0   0x0000003a   Code   RO         5760    i.USB_GetDevSpeed   stm32f4xx_ll_usb.o
    0x080065fa   0x080065fa   0x00000008   Code   RO         5762    i.USB_GetMode       stm32f4xx_ll_usb.o
    0x08006602   0x08006602   0x0000000e   Code   RO         5769    i.USB_ReadDevAllInEpInterrupt  stm32f4xx_ll_usb.o
    0x08006610   0x08006610   0x0000000e   Code   RO         5770    i.USB_ReadDevAllOutEpInterrupt  stm32f4xx_ll_usb.o
    0x0800661e   0x0800661e   0x0000001e   Code   RO         5771    i.USB_ReadDevInEPInterrupt  stm32f4xx_ll_usb.o
    0x0800663c   0x0800663c   0x00000010   Code   RO         5772    i.USB_ReadDevOutEPInterrupt  stm32f4xx_ll_usb.o
    0x0800664c   0x0800664c   0x00000008   Code   RO         5773    i.USB_ReadInterrupts  stm32f4xx_ll_usb.o
    0x08006654   0x08006654   0x0000003a   Code   RO         5774    i.USB_ReadPacket    stm32f4xx_ll_usb.o
    0x0800668e   0x0800668e   0x0000002e   Code   RO         5776    i.USB_SetCurrentMode  stm32f4xx_ll_usb.o
    0x080066bc   0x080066bc   0x00000022   Code   RO         5777    i.USB_SetDevAddress  stm32f4xx_ll_usb.o
    0x080066de   0x080066de   0x00000002   PAD
    0x080066e0   0x080066e0   0x00000042   Code   RO         5781    i.USB_WritePacket   stm32f4xx_ll_usb.o
    0x08006722   0x08006722   0x00000002   Code   RO         3102    i.UsageFault_Handler  stm32f4xx_it.o
    0x08006724   0x08006724   0x00000002   Code   RO         2353    i._Error_Handler    main.o
    0x08006726   0x08006726   0x00000002   PAD
    0x08006728   0x08006728   0x0000000c   Code   RO         2354    i._Z10fuseButtonv   main.o
    0x08006734   0x08006734   0x0000002c   Code   RO         2355    i._Z12outputButtonv  main.o
    0x08006760   0x08006760   0x00000058   Code   RO         1966    i._Z13drawBigNumberR5Layerhhh  screen_home.o
    0x080067b8   0x080067b8   0x0000011c   Code   RO         1967    i._Z14draw7SegNumberR5Layerhhhb  screen_home.o
    0x080068d4   0x080068d4   0x00000002   Code   RO         2356    i._Z14encoderAButtonv  main.o
    0x080068d6   0x080068d6   0x00000002   PAD
    0x080068d8   0x080068d8   0x000000b4   Code   RO         2357    i._Z14encoderATurneda  main.o
    0x0800698c   0x0800698c   0x00000002   Code   RO         2358    i._Z14encoderBButtonv  main.o
    0x0800698e   0x0800698e   0x00000002   PAD
    0x08006990   0x08006990   0x0000009c   Code   RO         2359    i._Z14encoderBTurneda  main.o
    0x08006a2c   0x08006a2c   0x000000c8   Code   RO         2360    i._Z18SystemClock_Configv  main.o
    0x08006af4   0x08006af4   0x00000020   Code   RO         8254    i._Z7catgetsPN4__rw8__rw_catEiiPKc  cpp_ws.l(rwcats.o)
    0x08006b14   0x08006b14   0x00000022   Code   RO         8255    i._Z7catopenPKci    cpp_ws.l(rwcats.o)
    0x08006b36   0x08006b36   0x00000002   PAD
    0x08006b38   0x08006b38   0x00000550   Code   RO         1970    i._ZN10ScreenHome6renderEv  screen_home.o
    0x08007088   0x08007088   0x00000010   Code   RO         1971    i._ZN10ScreenHomeC1Ev  screen_home.o
    0x08007098   0x08007098   0x00000028   Code   RO         1465    i._ZN10ScreenHomeD1Ev  os.o
    0x080070c0   0x080070c0   0x00000002   Code   RO         1410    i._ZN2OS10onShutdownEv  os.o
    0x080070c2   0x080070c2   0x00000002   PAD
    0x080070c4   0x080070c4   0x00000014   Code   RO         1412    i._ZN2OS6onInitEv   os.o
    0x080070d8   0x080070d8   0x00000020   Code   RO         1413    i._ZN2OS9mainEntryEv  os.o
    0x080070f8   0x080070f8   0x00000006   Code   RO         1414    i._ZN2OSC1Ev        os.o
    0x080070fe   0x080070fe   0x00000058   Code   RO         7087    i._ZN37_INTERNAL_15_rwstdexcept_cpp_8697b68a4__rw13__rw_vfmatstrEPcjPKcSt9__va_list  cpp_ws.l(rwstdexcept.o)
    0x08007156   0x08007156   0x00000002   PAD
    0x08007158   0x08007158   0x0000014c   Code   RO         7088    i._ZN37_INTERNAL_15_rwstdexcept_cpp_8697b68a4__rw13__rw_vfmatstrEPcjiSt9__va_list  cpp_ws.l(rwstdexcept.o)
    0x080072a4   0x080072a4   0x0000005c   Code   RO         7090    i._ZN4__rw10__rw_throwEiz  cpp_ws.l(rwstdexcept.o)
    0x08007300   0x08007300   0x00000020   Code   RO         6933    i._ZN4__rw13__rw_allocateEji  cpp_ws.l(rwalloc.o)
    0x08007320   0x08007320   0x00000004   Code   RO         6934    i._ZN4__rw15__rw_deallocateEPvji  cpp_ws.l(rwalloc.o)
    0x08007324   0x08007324   0x00000002   Code   RO         7845    i._ZN4__rw15__rw_facet_base12_C_initfacetERKSt6locale  cpp_ws.l(char.o)
    0x08007326   0x08007326   0x00000002   PAD
    0x08007328   0x08007328   0x000000ec   Code   RO         8001    i._ZN4__rw15__rw_locale_impC1EPKcjj  cpp_ws.l(locale.o)
    0x08007414   0x08007414   0x0000001a   Code   RO         8039    i._ZN4__rw15__rw_locale_impD1Ev  cpp_ws.l(locale.o)
    0x0800742e   0x0800742e   0x0000003a   Code   RO         7899    i._ZN4__rw21__rw_use_c_lib_localeC1EPKci  cpp_ws.l(locale.o)
    0x08007468   0x08007468   0x00000018   Code   RO         7815    i._ZN4__rw21__rw_use_c_lib_localeD1Ev  cpp_ws.l(char.o)
    0x08007480   0x08007480   0x00000098   Code   RO         8278    i._ZN4__rw25__rw_throw_exception_noexEiPc  cpp_ws.l(rwthrowproc_impl_noex.o)
    0x08007518   0x08007518   0x00000030   Code   RO         8258    i._ZN4__rw9__catfindEPNS_8__rw_catE  cpp_ws.l(rwcats.o)
    0x08007548   0x08007548   0x00000738   Code   RO         1135    i._ZN5Layer10drawStringEPKcttbb  layer.o
    0x08007c80   0x08007c80   0x00000006   Code   RO         1136    i._ZN5Layer10isOnScreenEv  layer.o
    0x08007c86   0x08007c86   0x00000002   PAD
    0x08007c88   0x08007c88   0x0000001c   Code   RO         1137    i._ZN5Layer11cleanScreenEv  layer.o
    0x08007ca4   0x08007ca4   0x000000b6   Code   RO         1140    i._ZN5Layer8drawLineEttttb  layer.o
    0x08007d5a   0x08007d5a   0x00000002   PAD
    0x08007d5c   0x08007d5c   0x00000138   Code   RO         1141    i._ZN5Layer8drawRectEttttbb  layer.o
    0x08007e94   0x08007e94   0x00000014   Code   RO         1142    i._ZN5Layer9drawPointEttb  layer.o
    0x08007ea8   0x08007ea8   0x00000002   Code   RO         1143    i._ZN5Layer9getBitmapEv  layer.o
    0x08007eaa   0x08007eaa   0x00000002   Code   RO         1144    i._ZN5LayerC1Ev     layer.o
    0x08007eac   0x08007eac   0x00000002   Code   RO         1145    i._ZN5LayerD1Ev     layer.o
    0x08007eae   0x08007eae   0x0000001e   Code   RO         1849    i._ZN6Screen21drawDefaultBackgroundEv  screen.o
    0x08007ecc   0x08007ecc   0x0000003c   Code   RO         1850    i._ZN6Screen6renderEv  screen.o
    0x08007f08   0x08007f08   0x000001e8   Code   RO         1852    i._ZN6ScreenC2Ev    screen.o
    0x080080f0   0x080080f0   0x0000008c   Code   RO         1740    i._ZN8Renderer11clearLayersEv  renderer.o
    0x0800817c   0x0800817c   0x0000009c   Code   RO         1741    i._ZN8Renderer11swapBuffersEv  renderer.o
    0x08008218   0x08008218   0x00000042   Code   RO         1742    i._ZN8RendererC1Ev  renderer.o
    0x0800825a   0x0800825a   0x0000001c   Code   RO         1894    i._ZN8RendererD1Ev  screen.o
    0x08008276   0x08008276   0x00000104   Code   RO         1743    i._ZN8RendererlsER5Layer  renderer.o
    0x0800837a   0x0800837a   0x00000004   Code   RO         7210    i._ZNKSt14__rw_exception4whatEv  cpp_ws.l(rwstdexcept.o)
    0x0800837e   0x0800837e   0x00000072   Code   RO         8076    i._ZNKSt18__rw_messages_base11_C_cat_openERKSsRKSt6locale  cpp_ws.l(messages.o)
    0x080083f0   0x080083f0   0x00000020   Code   RO         8079    i._ZNKSt18__rw_messages_base13_C_get_localeEi  cpp_ws.l(messages.o)
    0x08008410   0x08008410   0x00000034   Code   RO         8080    i._ZNKSt18__rw_messages_base14_C_get_messageEiii  cpp_ws.l(messages.o)
    0x08008444   0x08008444   0x0000000e   Code   RO         7785    i._ZNKSt5ctypeIcE2isENSt10ctype_base4maskEc  cpp_ws.l(char.o)
    0x08008452   0x08008452   0x00000002   PAD
    0x08008454   0x08008454   0x00000108   Code   RO         7904    i._ZNKSt6locale13_C_make_facetERKNS_2idEbiPFPN4__rw15__rw_facet_baseEiPKcjE  cpp_ws.l(locale.o)
    0x0800855c   0x0800855c   0x00000074   Code   RO         7906    i._ZNKSt6locale16_C_install_facetEPN4__rw15__rw_facet_baseERKNS_2idE  cpp_ws.l(locale.o)
    0x080085d0   0x080085d0   0x00000030   Code   RO         7907    i._ZNKSt6locale4nameEv  cpp_ws.l(locale.o)
    0x08008600   0x08008600   0x0000000c   Code   RO         7760    i._ZNSt11char_traitsIcE4copyEPcPKcj  cpp_ws.l(char.o)
    0x0800860c   0x0800860c   0x000000cc   Code   RO         7646    i._ZNSt12ctype_bynameIcE17_C_get_mask_tableEPKc  cpp_ws.l(char.o)
    0x080086d8   0x080086d8   0x00000120   Code   RO         7648    i._ZNSt12ctype_bynameIcEC1EPKcj  cpp_ws.l(char.o)
    0x080087f8   0x080087f8   0x0000000e   Code   RO         7892    i._ZNSt12ctype_bynameIcED0Ev  cpp_ws.l(char.o)
    0x08008806   0x08008806   0x00000008   Code   RO         7889    i._ZNSt12ctype_bynameIcED1Ev  cpp_ws.l(char.o)
    0x0800880e   0x0800880e   0x00000002   PAD
    0x08008810   0x08008810   0x00000084   Code   RO         7093    i._ZNSt14__rw_exception10_C_vformatEiSt9__va_list  cpp_ws.l(rwstdexcept.o)
    0x08008894   0x08008894   0x00000014   Code   RO         7160    i._ZNSt14__rw_exceptionC1Ev  cpp_ws.l(rwstdexcept.o)
    0x080088a8   0x080088a8   0x0000001c   Code   RO         7204    i._ZNSt14__rw_exceptionD1Ev  cpp_ws.l(rwstdexcept.o)
    0x080088c4   0x080088c4   0x00000008   Code   RO         7157    i._ZNSt18__rw_messages_baseD1Ev  cpp_ws.l(rwstdexcept.o)
    0x080088cc   0x080088cc   0x0000001a   Code   RO         8116    i._ZNSt18__rw_open_cat_dataC1Ev  cpp_ws.l(messages.o)
    0x080088e6   0x080088e6   0x0000000c   Code   RO         8113    i._ZNSt18__rw_open_cat_dataD1Ev  cpp_ws.l(messages.o)
    0x080088f2   0x080088f2   0x00000012   Code   RO         8119    i._ZNSt18__rw_open_cat_dataaSERKS_  cpp_ws.l(messages.o)
    0x08008904   0x08008904   0x000000fa   Code   RO         7650    i._ZNSt5ctypeIcE12_C_initfacetERKSt6locale  cpp_ws.l(char.o)
    0x080089fe   0x080089fe   0x00000002   PAD
    0x08008a00   0x08008a00   0x00000118   Code   RO         7652    i._ZNSt5ctypeIcEC1EPKNSt10ctype_base4maskEbj  cpp_ws.l(char.o)
    0x08008b18   0x08008b18   0x0000000e   Code   RO         7788    i._ZNSt5ctypeIcED0Ev  cpp_ws.l(char.o)
    0x08008b26   0x08008b26   0x00000002   PAD
    0x08008b28   0x08008b28   0x0000002c   Code   RO         7717    i._ZNSt5ctypeIcED1Ev  cpp_ws.l(char.o)
    0x08008b54   0x08008b54   0x0000000e   Code   RO         7201    i._ZNSt6locale5facetD0Ev  cpp_ws.l(rwstdexcept.o)
    0x08008b62   0x08008b62   0x00000002   PAD
    0x08008b64   0x08008b64   0x00000084   Code   RO         7910    i._ZNSt6locale7_C_initEv  cpp_ws.l(locale.o)
    0x08008be8   0x08008be8   0x00000044   Code   RO         7912    i._ZNSt6locale7classicEv  cpp_ws.l(locale.o)
    0x08008c2c   0x08008c2c   0x00000020   Code   RO         8042    i._ZNSt6localeC1EPN4__rw15__rw_locale_impE  cpp_ws.l(locale.o)
    0x08008c4c   0x08008c4c   0x0000000c   Code   RO         8122    i._ZNSt6localeC1ERKS_  cpp_ws.l(messages.o)
    0x08008c58   0x08008c58   0x00000020   Code   RO         7153    i._ZNSt6localeC1Ev  cpp_ws.l(rwstdexcept.o)
    0x08008c78   0x08008c78   0x00000020   Code   RO         8017    i._ZNSt6localeD1Ev  cpp_ws.l(locale.o)
    0x08008c98   0x08008c98   0x00000032   Code   RO         7920    i._ZNSt6localeaSERKS_  cpp_ws.l(locale.o)
    0x08008cca   0x08008cca   0x0000000e   Code   RO         7175    i._ZNSt8messagesIcED0Ev  cpp_ws.l(rwstdexcept.o)
    0x08008cd8   0x08008cd8   0x00000010   Code   RO         7144    i._ZNSt8messagesIcED1Ev  cpp_ws.l(rwstdexcept.o)
    0x08008ce8   0x08008ce8   0x0000000c   Code   RO         8151    i._ZNSt9exceptionC1Ev  cpprt_w.l(exception_ctor.o)
    0x08008cf4   0x08008cf4   0x0000003c   Code   RO         8097    i._ZSt13__rw_get_catsv  cpp_ws.l(messages.o)
    0x08008d30   0x08008d30   0x00000008   Code   RO         8128    i._ZdaPv            cpprt_w.l(array_del.o)
    0x08008d38   0x08008d38   0x00000008   Code   RO         8135    i._ZdlPv            cpprt_w.l(delete.o)
    0x08008d40   0x08008d40   0x00000008   Code   RO         8131    i._Znaj             cpprt_w.l(array_new.o)
    0x08008d48   0x08008d48   0x00000028   Code   RO         8138    i._Znwj             cpprt_w.l(new.o)
    0x08008d70   0x08008d70   0x0000001c   Code   RO         7566    i.__0fprintf        mc_w.l(printfa.o)
    0x08008d8c   0x08008d8c   0x00000028   Code   RO         7569    i.__0sprintf        mc_w.l(printfa.o)
    0x08008db4   0x08008db4   0x0000002c   Code   RO         7572    i.__0vsnprintf      mc_w.l(printfa.o)
    0x08008de0   0x08008de0   0x00000092   Code   RO         8512    i.__ARM_array_new_general  cpprt_w.l(array_new_general.o)
    0x08008e72   0x08008e72   0x00000010   Code   RO         8374    i.__aeabi_vec_dtor_cookie  cpprt_w.l(aeabi_vec_dtor_cookie.o)
    0x08008e82   0x08008e82   0x00000014   Code   RO         8371    i.__aeabi_vec_new_cookie  cpprt_w.l(aeabi_vec_new_cookie.o)
    0x08008e96   0x08008e96   0x00000010   Code   RO         8359    i.__cxa_guard_acquire  cpprt_w.l(cxa_guard_acquire.o)
    0x08008ea6   0x08008ea6   0x00000006   Code   RO         7213    i.__cxa_pure_virtual  cpprt_w.l(pure_virt.o)
    0x08008eac   0x08008eac   0x00000018   Code   RO         8477    i.__cxa_vec_new     cpprt_w.l(cxa_vec_new.o)
    0x08008ec4   0x08008ec4   0x0000005c   Code   RO         7319    i.__hardfp_modff    m_wm.l(modff.o)
    0x08008f20   0x08008f20   0x0000000e   Code   RO         8540    i.__scatterload_copy  mc_w.l(handlers.o)
    0x08008f2e   0x08008f2e   0x00000002   Code   RO         8541    i.__scatterload_null  mc_w.l(handlers.o)
    0x08008f30   0x08008f30   0x0000000e   Code   RO         8542    i.__scatterload_zeroinit  mc_w.l(handlers.o)
    0x08008f3e   0x08008f3e   0x00000002   PAD
    0x08008f40   0x08008f40   0x00000010   Code   RO         7921    i.__sti___10_locale_cpp_ff99fc7b  cpp_ws.l(locale.o)
    0x08008f50   0x08008f50   0x00000038   Code   RO         8259    i.__sti___10_rwcats_cpp_64e8068e  cpp_ws.l(rwcats.o)
    0x08008f88   0x08008f88   0x00000020   Code   RO         1853    i.__sti___10_screen_cpp_10c0731e  screen.o
    0x08008fa8   0x08008fa8   0x00000020   Code   RO         2217    i.__sti___10_widget_cpp_4283c819  widget.o
    0x08008fc8   0x08008fc8   0x00000020   Code   RO         1415    i.__sti___6_os_cpp_227a3514  os.o
    0x08008fe8   0x08008fe8   0x00000010   Code   RO         7654    i.__sti___8_char_cpp_a3dc957a  cpp_ws.l(char.o)
    0x08008ff8   0x08008ff8   0x0000000c   Code   RO         2361    i.__sti___8_main_cpp_os  main.o
    0x08009004   0x08009004   0x00000184   Code   RO         7574    i._fp_digits        mc_w.l(printfa.o)
    0x08009188   0x08009188   0x0000000e   Code   RO         8459    i._is_digit         mc_w.l(scanf_fp.o)
    0x08009196   0x08009196   0x00000002   PAD
    0x08009198   0x08009198   0x000006dc   Code   RO         7575    i._printf_core      mc_w.l(printfa.o)
    0x08009874   0x08009874   0x00000024   Code   RO         7576    i._printf_post_padding  mc_w.l(printfa.o)
    0x08009898   0x08009898   0x0000002e   Code   RO         7577    i._printf_pre_padding  mc_w.l(printfa.o)
    0x080098c6   0x080098c6   0x00000016   Code   RO         7578    i._snputc           mc_w.l(printfa.o)
    0x080098dc   0x080098dc   0x0000000a   Code   RO         7579    i._sputc            mc_w.l(printfa.o)
    0x080098e6   0x080098e6   0x00000002   PAD
    0x080098e8   0x080098e8   0x00000024   Code   RO          809    i.addEncoderAButtonCallback  peripherals_input.o
    0x0800990c   0x0800990c   0x00000024   Code   RO          810    i.addEncoderATurnedCallback  peripherals_input.o
    0x08009930   0x08009930   0x00000024   Code   RO          811    i.addEncoderBButtonCallback  peripherals_input.o
    0x08009954   0x08009954   0x00000024   Code   RO          812    i.addEncoderBTurnedCallback  peripherals_input.o
    0x08009978   0x08009978   0x00000028   Code   RO          813    i.addFuseButtonCallback  peripherals_input.o
    0x080099a0   0x080099a0   0x00000028   Code   RO          814    i.addOutputButtonCallback  peripherals_input.o
    0x080099c8   0x080099c8   0x00000058   Code   RO          937    i.delayUs           peripherals_time.o
    0x08009a20   0x08009a20   0x00000012   Code   RO         8206    i.fputc             mc_w.l(fputc.o)
    0x08009a32   0x08009a32   0x00000002   PAD
    0x08009a34   0x08009a34   0x00000050   Code   RO         7595    i.free              mc_w.l(malloc.o)
    0x08009a84   0x08009a84   0x00000060   Code   RO          517    i.getADCValue       peripherals_adc.o
    0x08009ae4   0x08009ae4   0x00000068   Code   RO          816    i.handleEncoderCallbacks  peripherals_input.o
    0x08009b4c   0x08009b4c   0x0000000c   Code   RO          518    i.initADC           peripherals_adc.o
    0x08009b58   0x08009b58   0x00000064   Code   RO          817    i.initCallbacks     peripherals_input.o
    0x08009bbc   0x08009bbc   0x00000044   Code   RO          672    i.initDAC           peripherals_dac.o
    0x08009c00   0x08009c00   0x000000d4   Code   RO          705    i.initDisplay       peripherals_display.o
    0x08009cd4   0x08009cd4   0x00000038   Code   RO          771    i.initEncoder       peripherals_encoder.o
    0x08009d0c   0x08009d0c   0x00000038   Code   RO          919    i.initUsDelay       peripherals_time.o
    0x08009d44   0x08009d44   0x0000019c   Code   RO         2362    i.main              main.o
    0x08009ee0   0x08009ee0   0x0000006c   Code   RO         7596    i.malloc            mc_w.l(malloc.o)
    0x08009f4c   0x08009f4c   0x0000011c   Code   RO          706    i.sendBuffer        peripherals_display.o
    0x0800a068   0x0800a068   0x0000015c   Code   RO          707    i.sendCommand       peripherals_display.o
    0x0800a1c4   0x0800a1c4   0x00000004   PAD
    0x0800a1c8   0x0800a1c8   0x00000074   Code   RO          949    i.setBrightness     peripherals_i2c.o
    0x0800a23c   0x0800a23c   0x00000004   PAD
    0x0800a240   0x0800a240   0x00000084   Code   RO          950    i.setContrast       peripherals_i2c.o
    0x0800a2c4   0x0800a2c4   0x0000003c   Code   RO          673    i.setDACValue       peripherals_dac.o
    0x0800a300   0x0800a300   0x00000014   Code   RO         7769    t._ZN4__rw12__string_refIcSt11char_traitsIcESaIcEE10_C_inc_refEv  cpp_ws.l(char.o)
    0x0800a314   0x0800a314   0x00000046   Code   RO         7166    t._ZN4__rw16__rw_facet_makerISt5ctypeIcEE13_C_maker_funcEiPKcj  cpp_ws.l(rwstdexcept.o)
    0x0800a35a   0x0800a35a   0x00000056   Code   RO         8020    t._ZN4__rw18__rw_locale_vectorIPNS_15__rw_facet_baseEE6resizeEjRKS2_  cpp_ws.l(locale.o)
    0x0800a3b0   0x0800a3b0   0x0000000e   Code   RO         8032    t._ZN4__rw18__rw_locale_vectorIPNS_15__rw_facet_baseEED1Ev  cpp_ws.l(locale.o)
    0x0800a3be   0x0800a3be   0x0000000e   Code   RO         8275    t._ZN4__rw18__rw_locale_vectorIPNS_8__rw_catEED1Ev  cpp_ws.l(rwcats.o)
    0x0800a3cc   0x0800a3cc   0x00000014   Code   RO         8035    t._ZN4__rw18__rw_locale_vectorISsED1Ev  cpp_ws.l(locale.o)
    0x0800a3e0   0x0800a3e0   0x00000088   Code   RO         8103    t._ZN4__rw18__rw_locale_vectorISt18__rw_open_cat_dataE6resizeEj  cpp_ws.l(messages.o)
    0x0800a468   0x0800a468   0x00000014   Code   RO         8109    t._ZN4__rw18__rw_locale_vectorISt18__rw_open_cat_dataED1Ev  cpp_ws.l(messages.o)
    0x0800a47c   0x0800a47c   0x00000090   Code   RO         7138    t._ZNKSt8messagesIcE6do_getEiiiRKSs  cpp_ws.l(rwstdexcept.o)
    0x0800a50c   0x0800a50c   0x00000006   Code   RO         7163    t._ZNKSt8messagesIcE7do_openERKSsRKSt6locale  cpp_ws.l(rwstdexcept.o)
    0x0800a512   0x0800a512   0x00000032   Code   RO         7989    t._ZNSs11_C_allocateEjjj  cpp_ws.l(locale.o)
    0x0800a544   0x0800a544   0x00000018   Code   RO         8029    t._ZNSs7replaceEjjPKcj  cpp_ws.l(locale.o)
    0x0800a55c   0x0800a55c   0x00000168   Code   RO         7707    t._ZNSs7replaceEjjPKcjjj  cpp_ws.l(char.o)
    0x0800a6c4   0x0800a6c4   0x00000074   Code   RO         7695    t._ZNSs9_C_getRepEjj  cpp_ws.l(char.o)
    0x0800a738   0x0800a738   0x00000048   Code   RO         7704    t._ZNSs9_C_unlinkEv  cpp_ws.l(char.o)
    0x0800a780   0x0800a780   0x00000038   Code   RO         7992    t._ZNSsC1EPKcRKSaIcE  cpp_ws.l(locale.o)
    0x0800a7b8   0x0800a7b8   0x00000010   Code   RO         8026    t._ZNSsC1ERKSaIcE   cpp_ws.l(locale.o)
    0x0800a7c8   0x0800a7c8   0x0000003e   Code   RO         7698    t._ZNSsC1ERKSs      cpp_ws.l(char.o)
    0x0800a806   0x0800a806   0x0000000c   Code   RO         7778    t._ZNSsD1Ev         cpp_ws.l(char.o)
    0x0800a812   0x0800a812   0x00000002   PAD
    0x0800a814   0x0800a814   0x0000004c   Code   RO         7998    t._ZNSsaSEPKc       cpp_ws.l(locale.o)
    0x0800a860   0x0800a860   0x0000003e   Code   RO         7995    t._ZNSsaSERKSs      cpp_ws.l(locale.o)
    0x0800a89e   0x0800a89e   0x0000000c   Code   RO         7772    t._ZSt3maxIjERKT_S2_S2_  cpp_ws.l(char.o)
    0x0800a8aa   0x0800a8aa   0x000001e0   Data   RO          983    .constdata          fonts.o
    0x0800aa8a   0x0800aa8a   0x000000f0   Data   RO          984    .constdata          fonts.o
    0x0800ab7a   0x0800ab7a   0x00000008   Data   RO         5659    .constdata          stm32f4xx_hal_dma.o
    0x0800ab82   0x0800ab82   0x00000010   Data   RO         6893    .constdata          system_stm32f4xx.o
    0x0800ab92   0x0800ab92   0x00000008   Data   RO         6894    .constdata          system_stm32f4xx.o
    0x0800ab9a   0x0800ab9a   0x00000002   PAD
    0x0800ab9c   0x0800ab9c   0x0000005c   Data   RO         7113    .constdata          cpp_ws.l(rwstdexcept.o)
    0x0800abf8   0x0800abf8   0x00000200   Data   RO         7674    .constdata          cpp_ws.l(char.o)
    0x0800adf8   0x0800adf8   0x00000081   Data   RO         8400    .constdata          mc_w.l(ctype_o.o)
    0x0800ae79   0x0800ae79   0x00000003   PAD
    0x0800ae7c   0x0800ae7c   0x00000004   Data   RO         8401    .constdata          mc_w.l(ctype_o.o)
    0x0800ae80   0x0800ae80   0x00000018   Data   RO         2021    .constdata__ZTV10ScreenHome  screen_home.o
    0x0800ae98   0x0800ae98   0x00000018   Data   RO         1893    .constdata__ZTV6Screen  screen.o
    0x0800aeb0   0x0800aeb0   0x00000014   Data   RO         7189    .constdata__ZTVNSt6locale5facetE  cpp_ws.l(rwstdexcept.o)
    0x0800aec4   0x0800aec4   0x00000034   Data   RO         7856    .constdata__ZTVSt12ctype_bynameIcE  cpp_ws.l(char.o)
    0x0800aef8   0x0800aef8   0x00000014   Data   RO         7191    .constdata__ZTVSt14__rw_exception  cpp_ws.l(rwstdexcept.o)
    0x0800af0c   0x0800af0c   0x00000034   Data   RO         7685    .constdata__ZTVSt5ctypeIcE  cpp_ws.l(char.o)
    0x0800af40   0x0800af40   0x00000020   Data   RO         7126    .constdata__ZTVSt8messagesIcE  cpp_ws.l(rwstdexcept.o)
    0x0800af60   0x0800af60   0x00000014   Data   RO         8161    .constdata__ZTVSt9exception  cpprt_w.l(exception_dtor.o)
    0x0800af74   0x0800af74   0x00000001   Data   RO         7986    .constdata__ZZNK4__rw15__rw_locale_imp16_C_category_nameEiEs  cpp_ws.l(locale.o)
    0x0800af75   0x0800af75   0x00000001   Data   RO         7693    .constdata__ZZNSs7replaceEjjPKcjjjEs  cpp_ws.l(char.o)
    0x0800af76   0x0800af76   0x00000001   Data   RO         7694    .constdata__ZZNSs9_C_getRepEjjEs  cpp_ws.l(char.o)
    0x0800af77   0x0800af77   0x00000001   Data   RO         1776    .constdata__ZZNSt6vectorIP5LayerSaIS1_EE2atEjEs  renderer.o
    0x0800af78   0x0800af78   0x00000002   Data   RO         7127    .constdata__ZZNSt8messagesIcEC1EjEs  cpp_ws.l(rwstdexcept.o)
    0x0800af7a   0x0800af7a   0x00000002   PAD
    0x0800af7c   0x0800af7c   0x00000272   Data   RO         7114    .conststring        cpp_ws.l(rwstdexcept.o)
    0x0800b1ee   0x0800b1ee   0x00000002   PAD
    0x0800b1f0   0x0800b1f0   0x00000020   Data   RO         8539    Region$$Table       anon$$obj.o
    0x0800b210   0x0800b210   0x00000004   Data   RO         1428    .init_array         os.o
    0x0800b214   0x0800b210   0x00000004   Data   RO         1860    .init_array         screen.o
    0x0800b218   0x0800b210   0x00000004   Data   RO         2225    .init_array         widget.o
    0x0800b21c   0x0800b210   0x00000004   Data   RO         2374    .init_array         main.o
    0x0800b220   0x0800b210   0x00000000   Data   RO         7624    .init_array         mc_w.l(cpp_init.o)
    0x0800b220   0x0800b210   0x00000004   Data   RO         7676    .init_array         cpp_ws.l(char.o)
    0x0800b224   0x0800b210   0x00000004   Data   RO         7969    .init_array         cpp_ws.l(locale.o)
    0x0800b228   0x0800b210   0x00000004   Data   RO         8269    .init_array         cpp_ws.l(rwcats.o)


    Execution Region RW_IRAM1 (Exec base: 0x20000000, Load base: 0x0800b22c, Size: 0x0000ad58, Max: 0x00050000, ABSOLUTE, COMPRESSED[0x000000e4])

    Exec Addr    Load Addr    Size         Type   Attr      Idx    E Section Name        Object

    0x20000000   COMPRESSED   0x000000db   Data   RW           19    .data               usbd_cdc.o
    0x200000db   COMPRESSED   0x00000001   PAD
    0x200000dc   COMPRESSED   0x0000003c   Data   RW           20    .data               usbd_cdc.o
    0x20000118   COMPRESSED   0x00000001   Data   RW          468    .data               usbd_ctlreq.o
    0x20000119   COMPRESSED   0x00000003   PAD
    0x2000011c   COMPRESSED   0x00000008   Data   RW          674    .data               peripherals_dac.o
    0x20000124   COMPRESSED   0x00000008   Data   RW          772    .data               peripherals_encoder.o
    0x2000012c   COMPRESSED   0x00000007   Data   RW          819    .data               peripherals_input.o
    0x20000133   COMPRESSED   0x00000001   PAD
    0x20000134   COMPRESSED   0x00000004   Data   RW         1158    .data               layer.o
    0x20000138   COMPRESSED   0x00000004   Data   RW         1423    .data               os.o
    0x2000013c   COMPRESSED   0x00000004   Data   RW         1424    .data               os.o
    0x20000140   COMPRESSED   0x00000004   Data   RW         1425    .data               os.o
    0x20000144   COMPRESSED   0x00000004   Data   RW         1426    .data               os.o
    0x20000148   COMPRESSED   0x00000004   Data   RW         1427    .data               os.o
    0x2000014c   COMPRESSED   0x0000001a   Data   RW         1978    .data               screen_home.o
    0x20000166   COMPRESSED   0x00000002   PAD
    0x20000168   COMPRESSED   0x00000008   Data   RW         2373    .data               main.o
    0x20000170   COMPRESSED   0x00000010   Data   RW         2493    .data               usbd_cdc_if.o
    0x20000180   COMPRESSED   0x0000001c   Data   RW         3198    .data               usbd_desc.o
    0x2000019c   COMPRESSED   0x00000016   Data   RW         3199    .data               usbd_desc.o
    0x200001b2   COMPRESSED   0x00000002   PAD
    0x200001b4   COMPRESSED   0x00000004   Data   RW         5017    .data               stm32f4xx_hal.o
    0x200001b8   COMPRESSED   0x00000004   Data   RW         6895    .data               system_stm32f4xx.o
    0x200001bc   COMPRESSED   0x00000017   Data   RW         7115    .data               cpp_ws.l(rwstdexcept.o)
    0x200001d3   COMPRESSED   0x00000001   PAD
    0x200001d4   COMPRESSED   0x00000008   Data   RW         7675    .data               cpp_ws.l(char.o)
    0x200001dc   COMPRESSED   0x0000001c   Data   RW         7968    .data               cpp_ws.l(locale.o)
    0x200001f8   COMPRESSED   0x00000004   Data   RW         8127    .data               cpp_ws.l(rwthrowproc_noex.o)
    0x200001fc   COMPRESSED   0x00000004   Data   RW         8209    .data               mc_w.l(stderr.o)
    0x20000200   COMPRESSED   0x00000004   Data   RW         8236    .data               mc_w.l(mvars.o)
    0x20000204   COMPRESSED   0x00000004   Data   RW         8237    .data               mc_w.l(mvars.o)
    0x20000208   COMPRESSED   0x00000004   Data   RW         8242    .data               mc_w.l(cpp_dtor.o)
    0x2000020c   COMPRESSED   0x00000008   Data   RW         8268    .data               cpp_ws.l(rwcats.o)
    0x20000214   COMPRESSED   0x0000000c   Data   RW         8469    .data               mc_w.l(cpp_memory.o)
    0x20000220   COMPRESSED   0x00000004   Data   RW         8069    .data__ZZNKSt6locale2id7_C_initEvE9_C_id_gen  cpp_ws.l(locale.o)
    0x20000224   COMPRESSED   0x0000000c   Data   RW         8125    .data__ZZSt13__rw_get_catsvE11__open_cats  cpp_ws.l(messages.o)
    0x20000230        -       0x0000000c   Zero   RW          519    .bss                peripherals_adc.o
    0x2000023c        -       0x000000e0   Zero   RW          818    .bss                peripherals_input.o
    0x2000031c        -       0x00000fc0   Zero   RW         1422    .bss                os.o
    0x200012dc        -       0x00000fac   Zero   RW         1859    .bss                screen.o
    0x20002288        -       0x00000fa1   Zero   RW         2224    .bss                widget.o
    0x20003229        -       0x00001000   Zero   RW         2492    .bss                usbd_cdc_if.o
    0x20004229   COMPRESSED   0x00000003   PAD
    0x2000422c        -       0x00000400   Zero   RW         2571    .bss                usbd_conf.o
    0x2000462c        -       0x00000224   Zero   RW         2733    .bss                usb_device.o
    0x20004850        -       0x00000054   Zero   RW         2796    .bss                i2c.o
    0x200048a4        -       0x000000f0   Zero   RW         2843    .bss                tim.o
    0x20004994        -       0x000000a8   Zero   RW         2910    .bss                adc.o
    0x20004a3c        -       0x00000020   Zero   RW         2985    .bss                rtc.o
    0x20004a5c        -       0x000000d4   Zero   RW         3027    .bss                dac.o
    0x20004b30        -       0x00000200   Zero   RW         3197    .bss                usbd_desc.o
    0x20004d30        -       0x00000018   Zero   RW         7112    .bss                cpp_ws.l(rwstdexcept.o)
    0x20004d48        -       0x00000010   Zero   RW         8342    .bss__ZNSs9__nullrefE  cpp_ws.l(vendor.o)
    0x20004d58        -       0x00002000   Zero   RW         6927    HEAP                startup_stm32f413xx.o
    0x20006d58        -       0x00004000   Zero   RW         6926    STACK               startup_stm32f413xx.o


==============================================================================

Image component sizes


      Code (inc. data)   RO Data    RW Data    ZI Data      Debug   Object Name

       328         62          0          0        168       1863   adc.o
       336         66          0          0        212       1923   dac.o
        92          4          0          0          0        810   dma.o
         0          0        720          0          0       6055   fonts.o
       408         24          0          0          0       1107   gpio.o
       176         42          0          0         84       1637   i2c.o
      2402         10          0          4          0      10184   layer.o
      1022        170          4          8          0       6200   main.o
       132         34          4         20       4032      87307   os.o
       108         20          0          0         12     602167   peripherals_adc.o
       128         22          0          8          0       1827   peripherals_dac.o
       844         42          0          0          0       3768   peripherals_display.o
        56          6          0          8          0       1258   peripherals_encoder.o
       248         72          0          0          0       1206   peripherals_i2c.o
       724        120          0          7        224       9740   peripherals_input.o
       144         26          0          0          0       1388   peripherals_time.o
       622         12          1          0          0      15926   renderer.o
       100         30          0          0         32       1439   rtc.o
       638         30         28          0       4012       7032   screen.o
      1748         86         24         26          0      14994   screen_home.o
        36          8        472          0      24576        804   startup_stm32f413xx.o
       150         22          0          4          0       4435   stm32f4xx_hal.o
      1302         50          0          0          0       7505   stm32f4xx_hal_adc.o
       236         16          0          0          0      31697   stm32f4xx_hal_cortex.o
       540         24          0          0          0       7258   stm32f4xx_hal_dac.o
        56          0          0          0          0       3937   stm32f4xx_hal_dac_ex.o
       992         28          8          0          0       4391   stm32f4xx_hal_dma.o
       610         24          0          0          0       4816   stm32f4xx_hal_gpio.o
      1334         26          0          0          0       9387   stm32f4xx_hal_i2c.o
       112          6          0          0          0        874   stm32f4xx_hal_msp.o
      2452         62          0          0          0      11140   stm32f4xx_hal_pcd.o
       146          0          0          0          0       3677   stm32f4xx_hal_pcd_ex.o
       568         52          0          0          0       3697   stm32f4xx_hal_rcc.o
      2084         84          0          0          0       3264   stm32f4xx_hal_rcc_ex.o
       204          0          0          0          0       1605   stm32f4xx_hal_rtc.o
       910         20          0          0          0       9747   stm32f4xx_hal_tim.o
       104          0          0          0          0       2426   stm32f4xx_hal_tim_ex.o
        78         24          0          0          0       6028   stm32f4xx_it.o
      2710         30          0          0          0      20190   stm32f4xx_ll_usb.o
        88         24         24          4          0       1159   system_stm32f4xx.o
       628        110          0          0        240       4467   tim.o
        56         18          0          0        548        728   usb_device.o
       582         22          0        279          0     724728   usbd_cdc.o
        68         16          0         16       4096       4309   usbd_cdc_if.o
       744         44          0          0       1024      14358   usbd_conf.o
       646          0          0          0          0      11994   usbd_core.o
      1150         28          0          1          0       6680   usbd_ctlreq.o
       188         92          0         50        512       5135   usbd_desc.o
       132          0          0          0          0       4520   usbd_ioreq.o
        32         12          4          0       4001        308   widget.o

    ----------------------------------------------------------------------
     29248       1728       1323        444      43776    1693095   Object Totals
         0          0         32          0          0          0   (incl. Generated)
        54          8          2          9          3          0   (incl. Padding)

    ----------------------------------------------------------------------

      Code (inc. data)   RO Data    RW Data    ZI Data      Debug   Library Member Name

      1824         74        622          8          0       1552   char.o
      1502         80          5         32          0       1760   locale.o
       482         34          0         12          0        784   messages.o
        36          0          0          0          0        144   rwalloc.o
       184         24          4          8          0        400   rwcats.o
      1000         68        792         23         24       1220   rwstdexcept.o
       152         94          0          0          0         72   rwthrowproc_impl_noex.o
         0          0          0          4          0          0   rwthrowproc_noex.o
         0          0          0          0         16          0   vendor.o
        28          0          0          0          0         84   ARM_vec_cleanup_noexceptions.o
        14          0          0          0          0         80   aeabi_vec_delete_noexceptions.o
        16          0          0          0          0         68   aeabi_vec_dtor_cookie.o
        34          0          0          0          0         84   aeabi_vec_dtor_noexceptions.o
        20          0          0          0          0         80   aeabi_vec_new_cookie.o
        80         12          0          0          0        104   arm_exceptions_globs.o
        60          0          0          0          0        108   arm_exceptions_mem.o
        26          0          0          0          0         76   arm_exceptions_terminate.o
         4          0          0          0          0         68   arm_newhandler_noexceptions.o
         2          0          0          0          0         68   arm_rethrow_noexceptions.o
         8          0          0          0          0         76   array_del.o
         8          0          0          0          0         76   array_new.o
       146          0          0          0          0         96   array_new_general.o
        16          0          0          0          0         68   cxa_guard_acquire.o
        24          6          0          0          0         84   cxa_vec_new.o
         8          0          0          0          0         76   delete.o
        12          6          0          0          0         68   exception_ctor.o
         0          0         20          0          0          0   exception_dtor.o
        40          6          0          0          0         76   new.o
         6          0          0          0          0         68   pure_virt.o
        92          4          0          0          0        116   modff.o
        86          0          0          0          0          0   __dczerorl2.o
        28          0          0          0          0         68   _chval.o
       812          4          0          0          0        112   _scanf.o
       332          0          0          0          0         96   _scanf_int.o
       342          0          0          0          0        100   _scanf_longlong.o
       224          0          0          0          0         96   _scanf_str.o
        64          0          0          0          0         84   _sgetc.o
        46          0          0          0          0         84   aeabi_atexit.o
         8          4          0          4          0         68   cpp_dtor.o
         2          0          0          0          0         68   cpp_final.o
        32         10          0          0          0         80   cpp_init.o
        20          4          0         12          0        136   cpp_memory.o
         2          0          0          0          0         68   cpp_signal.o
         8          4        133          0          0         68   ctype_o.o
        66          0          0          0          0         84   cxa_finalize.o
         0          0          0          0          0          0   entry.o
         0          0          0          0          0          0   entry10a.o
         4          0          0          0          0          0   entry10b.o
         0          0          0          0          0          0   entry11a.o
         8          4          0          0          0          0   entry2.o
         4          0          0          0          0          0   entry5.o
         0          0          0          0          0          0   entry7b.o
         4          0          0          0          0          0   entry8a.o
         0          0          0          0          0          0   entry8b.o
         8          4          0          0          0          0   entry9a.o
        18          0          0          0          0         80   fputc.o
        30          0          0          0          0          0   handlers.o
        36          8          0          0          0         68   init.o
        18          0          0          0          0         76   isspace_o.o
         0          0          0          0          0          0   iusefp.o
         0          0          0          0          0          0   iusesemip.o
        30          0          0          0          0         68   llshl.o
        36          0          0          0          0         68   llsshr.o
        32          0          0          0          0         68   llushr.o
       188         20          0          0          0        160   malloc.o
        36          0          0          0          0         68   memcpya.o
        66          0          0          0          0         76   memmove.o
        36          0          0          0          0        108   memseta.o
         0          0          0          8          0          0   mvars.o
      2370         96          0          0          0        752   printfa.o
        40          8          0          0          0         84   scanf_char.o
       878         12          0          0          0        216   scanf_fp.o
         0          0          0          0          0          0   semi.o
        56          8          0          0          0         84   sscanf.o
         0          0          0          4          0          0   stderr.o
        24          0          0          0          0         68   strcat.o
        28          0          0          0          0         76   strcmp.o
        18          0          0          0          0         68   strcpy.o
        14          0          0          0          0         68   strlen.o
        32          0          0          0          0         68   strrchr.o
        44          0          0          0          0         80   uidiv.o
        98          0          0          0          0         92   uldiv.o
        48          0          0          0          0         68   cdrcmple.o
        56          0          0          0          0         88   d2f.o
       334          0          0          0          0        148   dadd.o
       222          0          0          0          0        100   ddiv.o
       186          0          0          0          0        176   depilogue.o
        50          0          0          0          0         76   dfixui.o
        48          0          0          0          0         68   dfixul.o
        26          0          0          0          0         76   dfltui.o
        24          0          0          0          0         76   dfltul.o
       228          0          0          0          0         96   dmul.o
        38          0          0          0          0         68   f2d.o
       110          0          0          0          0        168   fepilogue.o

    ----------------------------------------------------------------------
     13458        594       1583        116         40      12472   Library Totals
        36          0          7          1          0          0   (incl. Padding)

    ----------------------------------------------------------------------

      Code (inc. data)   RO Data    RW Data    ZI Data      Debug   Library Name

      5180        374       1423         87         40       5932   cpp_ws.l
       552         30         20          0          0       1508   cpprt_w.l
        92          4          0          0          0        116   m_wm.l
      6228        186        133         28          0       3708   mc_w.l
      1370          0          0          0          0       1208   mf_w.l

    ----------------------------------------------------------------------
     13458        594       1583        116         40      12472   Library Totals

    ----------------------------------------------------------------------

==============================================================================


      Code (inc. data)   RO Data    RW Data    ZI Data      Debug   

     42706       2322       2906        560      43816    1670307   Grand Totals
     42706       2322       2906        228      43816    1670307   ELF Image Totals (compressed)
     42706       2322       2906        228          0          0   ROM Totals

==============================================================================

    Total RO  Size (Code + RO Data)                45612 (  44.54kB)
    Total RW  Size (RW Data + ZI Data)             44376 (  43.34kB)
    Total ROM Size (Code + RO Data + RW Data)      45840 (  44.77kB)

==============================================================================

